#
# A fatal error has been detected by the Java Runtime Environment:
#
#  SIGSEGV (0xb) at pc=0x00007faa8663e461, pid=40972, tid=40973
#
# JRE version: Java(TM) SE Runtime Environment (21.0.7+8) (build 21.0.7+8-LTS-245)
# Java VM: Java HotSpot(TM) 64-Bit Server VM (21.0.7+8-LTS-245, mixed mode, sharing, tiered, compressed oops, compressed class ptrs, g1 gc, linux-amd64)
# Problematic frame:
# C  [libc.so.6+0x18e461]
#
# Core dump will be written. Default location: Core dumps may be processed with "/usr/share/apport/apport -p%p -s%s -c%c -d%d -P%P -u%u -g%g -F%F -- %E" (or dumping to /home/jingyuan/hindsight/java/core.40972)
#
# If you would like to submit a bug report, please visit:
#   https://bugreport.java.com/bugreport/crash.jsp
# The crash happened outside the Java Virtual Machine in native code.
# See problematic frame for where to report the bug.
#

---------------  S U M M A R Y ------------

Command Line: A

Host: Intel(R) Xeon(R) Gold 5220 CPU @ 2.20GHz, 72 cores, 125G, Ubuntu 18.04.6 LTS
Time: Sat Aug  2 15:54:26 2025 PDT elapsed time: 0.075005 seconds (0d 0h 0m 0s)

---------------  T H R E A D  ---------------

Current thread (0x00007faa80029fe0):  JavaThread "main"             [_thread_in_native, id=40973, stack(0x00007faa86fc6000,0x00007faa870c7000) (1028K)]

Stack: [0x00007faa86fc6000,0x00007faa870c7000],  sp=0x00007faa870c5808,  free space=1022k
Native frames: (J=compiled Java code, j=interpreted, Vv=VM code, C=native code)
C  [libc.so.6+0x18e461]
Java frames: (J=compiled Java code, j=interpreted, Vv=VM code)
j  A.hindsightInit(Ljava/lang/String;Ljava/lang/String;)V+0
j  A.main([Ljava/lang/String;)V+17
v  ~StubRoutines::call_stub 0x00007faa6fecdcc6

siginfo: si_signo: 11 (SIGSEGV), si_code: 1 (SEGV_MAPERR), si_addr: 0x0000000000000020

Registers:
RAX=0x0000000000000000, RBX=0x00007faa80211bc0, RCX=0x0000000000000020, RDX=0x0000000000000020
RSP=0x00007faa870c5808, RBP=0x0000000000000020, RSI=0x0000000000000020, RDI=0x0000000000000020
R8 =0x000000011d014b38, R9 =0x00007faa80211bc0, R10=0x000000000000000a, R11=0x00007faa865e1a10
R12=0x0000000000000080, R13=0x00007faa870c5854, R14=0x00007faa870c59b8, R15=0x00007faa80029fe0
RIP=0x00007faa8663e461, EFLAGS=0x0000000000010246, CSGSFS=0x002b000000000033, ERR=0x0000000000000004
  TRAPNO=0x000000000000000e


Register to memory mapping:

RAX=0x0 is null
RBX=0x00007faa80211bc0 points into unknown readable memory: 0x6e69682f6374652f | 2f 65 74 63 2f 68 69 6e
RCX=0x0000000000000020 is an unknown value
RDX=0x0000000000000020 is an unknown value
RSP=0x00007faa870c5808 is pointing into the stack for thread: 0x00007faa80029fe0
RBP=0x0000000000000020 is an unknown value
RSI=0x0000000000000020 is an unknown value
RDI=0x0000000000000020 is an unknown value
R8 =0x000000011d014b38 is an oop: java.lang.String 
{0x000000011d014b38} - klass: 'java/lang/String'
 - string: "Java_A_hindsightInit"
 - ---- fields (total size 3 words):
 - private 'hash' 'I' @12  0 (0x00000000)
 - private final 'coder' 'B' @16  0 (0x00)
 - private 'hashIsZero' 'Z' @17  false (0x00)
 - injected 'flags' 'B' @18  0 (0x00)
 - private final 'value' '[B' @20  [B{0x000000011d014b50} (0x23a0296a)
R9 =0x00007faa80211bc0 points into unknown readable memory: 0x6e69682f6374652f | 2f 65 74 63 2f 68 69 6e
R10=0x000000000000000a is an unknown value
R11=0x00007faa865e1a10: __stpcpy_chk+0x0000000000000000 in /lib/x86_64-linux-gnu/libc.so.6 at 0x00007faa864b0000
R12=0x0000000000000080 is an unknown value
R13=0x00007faa870c5854 is pointing into the stack for thread: 0x00007faa80029fe0
R14=0x00007faa870c59b8 is pointing into the stack for thread: 0x00007faa80029fe0
R15=0x00007faa80029fe0 is a thread

Top of Stack: (sp=0x00007faa870c5808)
0x00007faa870c5808:   00007faa865e1a2b 0000000000000000
0x00007faa870c5818:   00007faa80211bc0 00007faa870c5840
0x00007faa870c5828:   0000000000000000 00007fa9db400318
0x00007faa870c5838:   00007faa2e17b254 6e69682f6374652f
0x00007faa870c5848:   635f746867697364 000000002f666e6f
0x00007faa870c5858:   0000000000000000 0000000000000000
0x00007faa870c5868:   0000000000000000 0000000000000000
0x00007faa870c5878:   0000000000000000 cafebabecafebabe
0x00007faa870c5888:   cafebabecafebabe cafebabecafebabe
0x00007faa870c5898:   cafebabecafebabe cafebabecafebabe
0x00007faa870c58a8:   cafebabecafebabe cafebabecafebabe
0x00007faa870c58b8:   cafebabecafebabe 0000000000000000
0x00007faa870c58c8:   722f8deeb95c1b00 00007fa9db400318
0x00007faa870c58d8:   00007fa9db400318 00007faa870c5920
0x00007faa870c58e8:   00007faa2e380722 00007faa870c59b0
0x00007faa870c58f8:   00007faa870c59b8 00007faa870c59a0
0x00007faa870c5908:   00007faa8002a398 00007faa80212bb0
0x00007faa870c5918:   00007faa80211bc0 00007faa870c5990
0x00007faa870c5928:   00007faa6fed9ac0 00007faa870c5990
0x00007faa870c5938:   00007faa6fed97a5 00007faa6fed975f
0x00007faa870c5948:   00007faa870c5948 00007fa9db400318
0x00007faa870c5958:   0000000000000005 00007fa9db4004f0
0x00007faa870c5968:   0000000000000000 000000011d013c00
0x00007faa870c5978:   00007fa9db400318 0000000000000000
0x00007faa870c5988:   00007faa870c59b0 00007faa870c5a08
0x00007faa870c5998:   00007faa6fed5180 000000011d013c00
0x00007faa870c59a8:   00007faa6fed6fd7 000000011d014af0
0x00007faa870c59b8:   000000011d014ab8 00007faa870c59c0
0x00007faa870c59c8:   00007fa9db400469 0000000000000002
0x00007faa870c59d8:   00007fa9db4004f0 0000000000000000
0x00007faa870c59e8:   000000011d013c00 00007fa9db400478
0x00007faa870c59f8:   00007faa870c59b0 00007faa870c5a18 

Instructions: (pc=0x00007faa8663e461)
0x00007faa8663e361:   fd 74 d1 48 83 c7 20 c5 dd 74 d9 c5 fd d7 ca c5
0x00007faa8663e371:   fd d7 c3 09 c1 75 38 c5 fd 6f 0f c5 fd 74 d1 48
0x00007faa8663e381:   83 c7 20 c5 dd 74 d9 c5 fd d7 ca c5 fd d7 c3 09
0x00007faa8663e391:   c1 75 1c c5 fd 6f 0f c5 fd 74 d1 48 83 c7 20 c5
0x00007faa8663e3a1:   dd 74 d9 c5 fd d7 ca c5 fd d7 c3 09 c1 74 90 85
0x00007faa8663e3b1:   c0 75 1c 85 d2 0f 84 84 00 00 00 89 d0 48 89 f7
0x00007faa8663e3c1:   0f bd c0 48 8d 44 07 e0 c5 f8 77 c3 0f 1f 00 c5
0x00007faa8663e3d1:   fd d7 ca 85 c9 75 18 89 c2 48 89 fe e9 5e ff ff
0x00007faa8663e3e1:   ff 0f 1f 40 00 66 2e 0f 1f 84 00 00 00 00 00 41
0x00007faa8663e3f1:   89 c8 41 83 e8 01 41 31 c8 44 21 c0 85 c0 74 b3
0x00007faa8663e401:   0f bd c0 48 8d 44 07 e0 c5 f8 77 c3 0f 1f 00 48
0x00007faa8663e411:   01 cf 89 d1 41 89 c8 41 83 e8 01 41 31 c8 44 21
0x00007faa8663e421:   c0 85 c0 74 1a 0f bd c0 48 8d 44 07 e0 c5 f8 77
0x00007faa8663e431:   c3 0f 1f 40 00 66 2e 0f 1f 84 00 00 00 00 00 31
0x00007faa8663e441:   c0 c5 f8 77 c3 66 2e 0f 1f 84 00 00 00 00 00 89
0x00007faa8663e451:   f9 48 89 fa c5 f9 ef c0 83 e1 3f 83 f9 20 77 1f
0x00007faa8663e461:   c5 fd 74 0f c5 fd d7 c1 85 c0 0f 85 df 00 00 00
0x00007faa8663e471:   48 83 c7 20 83 e1 1f 48 83 e7 e0 eb 36 66 90 83
0x00007faa8663e481:   e1 1f 48 83 e7 e0 c5 fd 74 0f c5 fd d7 c1 d3 f8
0x00007faa8663e491:   85 c0 74 1b f3 0f bc c0 48 01 f8 48 01 c8 48 29
0x00007faa8663e4a1:   d0 c5 f8 77 c3 66 2e 0f 1f 84 00 00 00 00 00 48
0x00007faa8663e4b1:   83 c7 20 c5 fd 74 0f c5 fd d7 c1 85 c0 0f 85 8c
0x00007faa8663e4c1:   00 00 00 c5 fd 74 4f 20 c5 fd d7 c1 85 c0 0f 85
0x00007faa8663e4d1:   8b 00 00 00 c5 fd 74 4f 40 c5 fd d7 c1 85 c0 0f
0x00007faa8663e4e1:   85 9a 00 00 00 c5 fd 74 4f 60 c5 fd d7 c1 85 c0
0x00007faa8663e4f1:   0f 85 d7 00 00 00 48 81 c7 80 00 00 00 48 89 f9
0x00007faa8663e501:   83 e1 7f 48 83 e7 80 0f 1f 84 00 00 00 00 00 c5
0x00007faa8663e511:   fd 6f 0f c5 fd 6f 57 20 c5 fd 6f 5f 40 c5 fd 6f
0x00007faa8663e521:   67 60 c5 ed da e9 c5 dd da f3 c5 cd da ed c5 fd
0x00007faa8663e531:   74 ed c5 fd d7 c5 85 c0 75 65 48 81 c7 80 00 00
0x00007faa8663e541:   00 eb cc 66 90 66 2e 0f 1f 84 00 00 00 00 00 f3
0x00007faa8663e551:   0f bc c0 48 01 f8 48 29 d0 c5 f8 77 c3 66 90 f3 


Stack slot to memory mapping:

stack at sp + 0 slots: 0x00007faa865e1a2b: __stpcpy_chk+0x000000000000001b in /lib/x86_64-linux-gnu/libc.so.6 at 0x00007faa864b0000
stack at sp + 1 slots: 0x0 is null
stack at sp + 2 slots: 0x00007faa80211bc0 points into unknown readable memory: 0x6e69682f6374652f | 2f 65 74 63 2f 68 69 6e
stack at sp + 3 slots: 0x00007faa870c5840 is pointing into the stack for thread: 0x00007faa80029fe0
stack at sp + 4 slots: 0x0 is null
stack at sp + 5 slots: {method} {0x00007fa9db400318} 'hindsightInit' '(Ljava/lang/String;Ljava/lang/String;)V' in 'A'
stack at sp + 6 slots: 0x00007faa2e17b254: hindsight_load_config+0x0000000000000044 in /home/jingyuan/hindsight/client/lib/libtracer.so at 0x00007faa2e177000
stack at sp + 7 slots: 0x6e69682f6374652f is an unknown value


---------------  P R O C E S S  ---------------

Threads class SMR info:
_java_thread_list=0x00007faa80210a70, length=10, elements={
0x00007faa80029fe0, 0x00007faa801e7b20, 0x00007faa801e91a0, 0x00007faa801ea920,
0x00007faa801ebf50, 0x00007faa801ed4e0, 0x00007faa801ef0b0, 0x00007faa801f07a0,
0x00007faa801fc600, 0x00007faa8020f940
}

Java Threads: ( => current thread )
=>0x00007faa80029fe0 JavaThread "main"                              [_thread_in_native, id=40973, stack(0x00007faa86fc6000,0x00007faa870c7000) (1028K)]
  0x00007faa801e7b20 JavaThread "Reference Handler"          daemon [_thread_blocked, id=40981, stack(0x00007faa2ee5a000,0x00007faa2ef5b000) (1028K)]
  0x00007faa801e91a0 JavaThread "Finalizer"                  daemon [_thread_blocked, id=40982, stack(0x00007faa2ed59000,0x00007faa2ee5a000) (1028K)]
  0x00007faa801ea920 JavaThread "Signal Dispatcher"          daemon [_thread_blocked, id=40983, stack(0x00007faa2ec58000,0x00007faa2ed59000) (1028K)]
  0x00007faa801ebf50 JavaThread "Service Thread"             daemon [_thread_blocked, id=40984, stack(0x00007faa2eb57000,0x00007faa2ec58000) (1028K)]
  0x00007faa801ed4e0 JavaThread "Monitor Deflation Thread"   daemon [_thread_blocked, id=40985, stack(0x00007faa2ea56000,0x00007faa2eb57000) (1028K)]
  0x00007faa801ef0b0 JavaThread "C2 CompilerThread0"         daemon [_thread_blocked, id=40986, stack(0x00007faa2e955000,0x00007faa2ea56000) (1028K)]
  0x00007faa801f07a0 JavaThread "C1 CompilerThread0"         daemon [_thread_blocked, id=40987, stack(0x00007faa2e854000,0x00007faa2e955000) (1028K)]
  0x00007faa801fc600 JavaThread "Notification Thread"        daemon [_thread_blocked, id=40988, stack(0x00007faa2e683000,0x00007faa2e784000) (1028K)]
  0x00007faa8020f940 JavaThread "Common-Cleaner"             daemon [_thread_blocked, id=40989, stack(0x00007faa2e582000,0x00007faa2e683000) (1028K)]
Total: 10

Other Threads:
  0x00007faa801de6d0 VMThread "VM Thread"                           [id=40980, stack(0x00007faa2f0f7000,0x00007faa2f1f7000) (1024K)]
  0x00007faa801cacd0 WatcherThread "VM Periodic Task Thread"        [id=40979, stack(0x00007faa2f1f8000,0x00007faa2f2f8000) (1024K)]
  0x00007faa8005d850 WorkerThread "GC Thread#0"                     [id=40974, stack(0x00007faa40854000,0x00007faa40954000) (1024K)]
  0x00007faa8006dba0 ConcurrentGCThread "G1 Main Marker"            [id=40975, stack(0x00007faa40753000,0x00007faa40853000) (1024K)]
  0x00007faa8006ebb0 WorkerThread "G1 Conc#0"                       [id=40976, stack(0x00007faa40652000,0x00007faa40752000) (1024K)]
  0x00007faa801af610 ConcurrentGCThread "G1 Refine#0"               [id=40977, stack(0x00007faa2f4d6000,0x00007faa2f5d6000) (1024K)]
  0x00007faa801b05c0 ConcurrentGCThread "G1 Service"                [id=40978, stack(0x00007faa2f3d5000,0x00007faa2f4d5000) (1024K)]
Total: 7

Threads with active compile tasks:
Total: 0

VM state: not at safepoint (normal execution)

VM Mutex/Monitor currently owned by a thread: None

Heap address: 0x00000000a0000000, size: 30208 MB, Compressed Oops mode: Zero based, Oop shift amount: 3

CDS archive(s) mapped at: [0x00007fa9df000000-0x00007fa9dfcab000-0x00007fa9dfcab000), size 13283328, SharedBaseAddress: 0x00007fa9df000000, ArchiveRelocationMode: 1.
Compressed class space mapped at: 0x00007fa9e0000000-0x00007faa20000000, reserved size: 1073741824
Narrow klass base: 0x00007fa9df000000, Narrow klass shift: 0, Narrow klass range: 0x100000000

GC Precious Log:
 CardTable entry size: 512
 Card Set container configuration: InlinePtr #cards 3 size 8 Array Of Cards #cards 128 size 272 Howl #buckets 8 coarsen threshold 29491 Howl Bitmap #cards 4096 size 528 coarsen threshold 3686 Card regions per heap region 1 cards per card region 32768
 CPUs: 72 total, 72 available
 Memory: 125G
 Large Page Support: Disabled
 NUMA Support: Disabled
 Compressed Oops: Enabled (Zero based)
 Heap Region Size: 16M
 Heap Min Capacity: 16M
 Heap Initial Capacity: 2016M
 Heap Max Capacity: 30208M
 Pre-touch: Disabled
 Parallel Workers: 48
 Concurrent Workers: 12
 Concurrent Refinement Workers: 48
 Periodic GC: Disabled

Heap:
 garbage-first heap   total 2080768K, used 1078K [0x00000000a0000000, 0x0000000800000000)
  region size 16384K, 1 young (16384K), 0 survivors (0K)
 Metaspace       used 80K, committed 320K, reserved 1114112K
  class space    used 3K, committed 128K, reserved 1048576K

Heap Regions: E=young(eden), S=young(survivor), O=old, HS=humongous(starts), HC=humongous(continues), CS=collection set, F=free, TAMS=top-at-mark-start, PB=parsable bottom
|   0|0x00000000a0000000, 0x00000000a0000000, 0x00000000a1000000|  0%| F|  |TAMS 0x00000000a0000000| PB 0x00000000a0000000| Untracked 
|   1|0x00000000a1000000, 0x00000000a1000000, 0x00000000a2000000|  0%| F|  |TAMS 0x00000000a1000000| PB 0x00000000a1000000| Untracked 
|   2|0x00000000a2000000, 0x00000000a2000000, 0x00000000a3000000|  0%| F|  |TAMS 0x00000000a2000000| PB 0x00000000a2000000| Untracked 
|   3|0x00000000a3000000, 0x00000000a3000000, 0x00000000a4000000|  0%| F|  |TAMS 0x00000000a3000000| PB 0x00000000a3000000| Untracked 
|   4|0x00000000a4000000, 0x00000000a4000000, 0x00000000a5000000|  0%| F|  |TAMS 0x00000000a4000000| PB 0x00000000a4000000| Untracked 
|   5|0x00000000a5000000, 0x00000000a5000000, 0x00000000a6000000|  0%| F|  |TAMS 0x00000000a5000000| PB 0x00000000a5000000| Untracked 
|   6|0x00000000a6000000, 0x00000000a6000000, 0x00000000a7000000|  0%| F|  |TAMS 0x00000000a6000000| PB 0x00000000a6000000| Untracked 
|   7|0x00000000a7000000, 0x00000000a7000000, 0x00000000a8000000|  0%| F|  |TAMS 0x00000000a7000000| PB 0x00000000a7000000| Untracked 
|   8|0x00000000a8000000, 0x00000000a8000000, 0x00000000a9000000|  0%| F|  |TAMS 0x00000000a8000000| PB 0x00000000a8000000| Untracked 
|   9|0x00000000a9000000, 0x00000000a9000000, 0x00000000aa000000|  0%| F|  |TAMS 0x00000000a9000000| PB 0x00000000a9000000| Untracked 
|  10|0x00000000aa000000, 0x00000000aa000000, 0x00000000ab000000|  0%| F|  |TAMS 0x00000000aa000000| PB 0x00000000aa000000| Untracked 
|  11|0x00000000ab000000, 0x00000000ab000000, 0x00000000ac000000|  0%| F|  |TAMS 0x00000000ab000000| PB 0x00000000ab000000| Untracked 
|  12|0x00000000ac000000, 0x00000000ac000000, 0x00000000ad000000|  0%| F|  |TAMS 0x00000000ac000000| PB 0x00000000ac000000| Untracked 
|  13|0x00000000ad000000, 0x00000000ad000000, 0x00000000ae000000|  0%| F|  |TAMS 0x00000000ad000000| PB 0x00000000ad000000| Untracked 
|  14|0x00000000ae000000, 0x00000000ae000000, 0x00000000af000000|  0%| F|  |TAMS 0x00000000ae000000| PB 0x00000000ae000000| Untracked 
|  15|0x00000000af000000, 0x00000000af000000, 0x00000000b0000000|  0%| F|  |TAMS 0x00000000af000000| PB 0x00000000af000000| Untracked 
|  16|0x00000000b0000000, 0x00000000b0000000, 0x00000000b1000000|  0%| F|  |TAMS 0x00000000b0000000| PB 0x00000000b0000000| Untracked 
|  17|0x00000000b1000000, 0x00000000b1000000, 0x00000000b2000000|  0%| F|  |TAMS 0x00000000b1000000| PB 0x00000000b1000000| Untracked 
|  18|0x00000000b2000000, 0x00000000b2000000, 0x00000000b3000000|  0%| F|  |TAMS 0x00000000b2000000| PB 0x00000000b2000000| Untracked 
|  19|0x00000000b3000000, 0x00000000b3000000, 0x00000000b4000000|  0%| F|  |TAMS 0x00000000b3000000| PB 0x00000000b3000000| Untracked 
|  20|0x00000000b4000000, 0x00000000b4000000, 0x00000000b5000000|  0%| F|  |TAMS 0x00000000b4000000| PB 0x00000000b4000000| Untracked 
|  21|0x00000000b5000000, 0x00000000b5000000, 0x00000000b6000000|  0%| F|  |TAMS 0x00000000b5000000| PB 0x00000000b5000000| Untracked 
|  22|0x00000000b6000000, 0x00000000b6000000, 0x00000000b7000000|  0%| F|  |TAMS 0x00000000b6000000| PB 0x00000000b6000000| Untracked 
|  23|0x00000000b7000000, 0x00000000b7000000, 0x00000000b8000000|  0%| F|  |TAMS 0x00000000b7000000| PB 0x00000000b7000000| Untracked 
|  24|0x00000000b8000000, 0x00000000b8000000, 0x00000000b9000000|  0%| F|  |TAMS 0x00000000b8000000| PB 0x00000000b8000000| Untracked 
|  25|0x00000000b9000000, 0x00000000b9000000, 0x00000000ba000000|  0%| F|  |TAMS 0x00000000b9000000| PB 0x00000000b9000000| Untracked 
|  26|0x00000000ba000000, 0x00000000ba000000, 0x00000000bb000000|  0%| F|  |TAMS 0x00000000ba000000| PB 0x00000000ba000000| Untracked 
|  27|0x00000000bb000000, 0x00000000bb000000, 0x00000000bc000000|  0%| F|  |TAMS 0x00000000bb000000| PB 0x00000000bb000000| Untracked 
|  28|0x00000000bc000000, 0x00000000bc000000, 0x00000000bd000000|  0%| F|  |TAMS 0x00000000bc000000| PB 0x00000000bc000000| Untracked 
|  29|0x00000000bd000000, 0x00000000bd000000, 0x00000000be000000|  0%| F|  |TAMS 0x00000000bd000000| PB 0x00000000bd000000| Untracked 
|  30|0x00000000be000000, 0x00000000be000000, 0x00000000bf000000|  0%| F|  |TAMS 0x00000000be000000| PB 0x00000000be000000| Untracked 
|  31|0x00000000bf000000, 0x00000000bf000000, 0x00000000c0000000|  0%| F|  |TAMS 0x00000000bf000000| PB 0x00000000bf000000| Untracked 
|  32|0x00000000c0000000, 0x00000000c0000000, 0x00000000c1000000|  0%| F|  |TAMS 0x00000000c0000000| PB 0x00000000c0000000| Untracked 
|  33|0x00000000c1000000, 0x00000000c1000000, 0x00000000c2000000|  0%| F|  |TAMS 0x00000000c1000000| PB 0x00000000c1000000| Untracked 
|  34|0x00000000c2000000, 0x00000000c2000000, 0x00000000c3000000|  0%| F|  |TAMS 0x00000000c2000000| PB 0x00000000c2000000| Untracked 
|  35|0x00000000c3000000, 0x00000000c3000000, 0x00000000c4000000|  0%| F|  |TAMS 0x00000000c3000000| PB 0x00000000c3000000| Untracked 
|  36|0x00000000c4000000, 0x00000000c4000000, 0x00000000c5000000|  0%| F|  |TAMS 0x00000000c4000000| PB 0x00000000c4000000| Untracked 
|  37|0x00000000c5000000, 0x00000000c5000000, 0x00000000c6000000|  0%| F|  |TAMS 0x00000000c5000000| PB 0x00000000c5000000| Untracked 
|  38|0x00000000c6000000, 0x00000000c6000000, 0x00000000c7000000|  0%| F|  |TAMS 0x00000000c6000000| PB 0x00000000c6000000| Untracked 
|  39|0x00000000c7000000, 0x00000000c7000000, 0x00000000c8000000|  0%| F|  |TAMS 0x00000000c7000000| PB 0x00000000c7000000| Untracked 
|  40|0x00000000c8000000, 0x00000000c8000000, 0x00000000c9000000|  0%| F|  |TAMS 0x00000000c8000000| PB 0x00000000c8000000| Untracked 
|  41|0x00000000c9000000, 0x00000000c9000000, 0x00000000ca000000|  0%| F|  |TAMS 0x00000000c9000000| PB 0x00000000c9000000| Untracked 
|  42|0x00000000ca000000, 0x00000000ca000000, 0x00000000cb000000|  0%| F|  |TAMS 0x00000000ca000000| PB 0x00000000ca000000| Untracked 
|  43|0x00000000cb000000, 0x00000000cb000000, 0x00000000cc000000|  0%| F|  |TAMS 0x00000000cb000000| PB 0x00000000cb000000| Untracked 
|  44|0x00000000cc000000, 0x00000000cc000000, 0x00000000cd000000|  0%| F|  |TAMS 0x00000000cc000000| PB 0x00000000cc000000| Untracked 
|  45|0x00000000cd000000, 0x00000000cd000000, 0x00000000ce000000|  0%| F|  |TAMS 0x00000000cd000000| PB 0x00000000cd000000| Untracked 
|  46|0x00000000ce000000, 0x00000000ce000000, 0x00000000cf000000|  0%| F|  |TAMS 0x00000000ce000000| PB 0x00000000ce000000| Untracked 
|  47|0x00000000cf000000, 0x00000000cf000000, 0x00000000d0000000|  0%| F|  |TAMS 0x00000000cf000000| PB 0x00000000cf000000| Untracked 
|  48|0x00000000d0000000, 0x00000000d0000000, 0x00000000d1000000|  0%| F|  |TAMS 0x00000000d0000000| PB 0x00000000d0000000| Untracked 
|  49|0x00000000d1000000, 0x00000000d1000000, 0x00000000d2000000|  0%| F|  |TAMS 0x00000000d1000000| PB 0x00000000d1000000| Untracked 
|  50|0x00000000d2000000, 0x00000000d2000000, 0x00000000d3000000|  0%| F|  |TAMS 0x00000000d2000000| PB 0x00000000d2000000| Untracked 
|  51|0x00000000d3000000, 0x00000000d3000000, 0x00000000d4000000|  0%| F|  |TAMS 0x00000000d3000000| PB 0x00000000d3000000| Untracked 
|  52|0x00000000d4000000, 0x00000000d4000000, 0x00000000d5000000|  0%| F|  |TAMS 0x00000000d4000000| PB 0x00000000d4000000| Untracked 
|  53|0x00000000d5000000, 0x00000000d5000000, 0x00000000d6000000|  0%| F|  |TAMS 0x00000000d5000000| PB 0x00000000d5000000| Untracked 
|  54|0x00000000d6000000, 0x00000000d6000000, 0x00000000d7000000|  0%| F|  |TAMS 0x00000000d6000000| PB 0x00000000d6000000| Untracked 
|  55|0x00000000d7000000, 0x00000000d7000000, 0x00000000d8000000|  0%| F|  |TAMS 0x00000000d7000000| PB 0x00000000d7000000| Untracked 
|  56|0x00000000d8000000, 0x00000000d8000000, 0x00000000d9000000|  0%| F|  |TAMS 0x00000000d8000000| PB 0x00000000d8000000| Untracked 
|  57|0x00000000d9000000, 0x00000000d9000000, 0x00000000da000000|  0%| F|  |TAMS 0x00000000d9000000| PB 0x00000000d9000000| Untracked 
|  58|0x00000000da000000, 0x00000000da000000, 0x00000000db000000|  0%| F|  |TAMS 0x00000000da000000| PB 0x00000000da000000| Untracked 
|  59|0x00000000db000000, 0x00000000db000000, 0x00000000dc000000|  0%| F|  |TAMS 0x00000000db000000| PB 0x00000000db000000| Untracked 
|  60|0x00000000dc000000, 0x00000000dc000000, 0x00000000dd000000|  0%| F|  |TAMS 0x00000000dc000000| PB 0x00000000dc000000| Untracked 
|  61|0x00000000dd000000, 0x00000000dd000000, 0x00000000de000000|  0%| F|  |TAMS 0x00000000dd000000| PB 0x00000000dd000000| Untracked 
|  62|0x00000000de000000, 0x00000000de000000, 0x00000000df000000|  0%| F|  |TAMS 0x00000000de000000| PB 0x00000000de000000| Untracked 
|  63|0x00000000df000000, 0x00000000df000000, 0x00000000e0000000|  0%| F|  |TAMS 0x00000000df000000| PB 0x00000000df000000| Untracked 
|  64|0x00000000e0000000, 0x00000000e0000000, 0x00000000e1000000|  0%| F|  |TAMS 0x00000000e0000000| PB 0x00000000e0000000| Untracked 
|  65|0x00000000e1000000, 0x00000000e1000000, 0x00000000e2000000|  0%| F|  |TAMS 0x00000000e1000000| PB 0x00000000e1000000| Untracked 
|  66|0x00000000e2000000, 0x00000000e2000000, 0x00000000e3000000|  0%| F|  |TAMS 0x00000000e2000000| PB 0x00000000e2000000| Untracked 
|  67|0x00000000e3000000, 0x00000000e3000000, 0x00000000e4000000|  0%| F|  |TAMS 0x00000000e3000000| PB 0x00000000e3000000| Untracked 
|  68|0x00000000e4000000, 0x00000000e4000000, 0x00000000e5000000|  0%| F|  |TAMS 0x00000000e4000000| PB 0x00000000e4000000| Untracked 
|  69|0x00000000e5000000, 0x00000000e5000000, 0x00000000e6000000|  0%| F|  |TAMS 0x00000000e5000000| PB 0x00000000e5000000| Untracked 
|  70|0x00000000e6000000, 0x00000000e6000000, 0x00000000e7000000|  0%| F|  |TAMS 0x00000000e6000000| PB 0x00000000e6000000| Untracked 
|  71|0x00000000e7000000, 0x00000000e7000000, 0x00000000e8000000|  0%| F|  |TAMS 0x00000000e7000000| PB 0x00000000e7000000| Untracked 
|  72|0x00000000e8000000, 0x00000000e8000000, 0x00000000e9000000|  0%| F|  |TAMS 0x00000000e8000000| PB 0x00000000e8000000| Untracked 
|  73|0x00000000e9000000, 0x00000000e9000000, 0x00000000ea000000|  0%| F|  |TAMS 0x00000000e9000000| PB 0x00000000e9000000| Untracked 
|  74|0x00000000ea000000, 0x00000000ea000000, 0x00000000eb000000|  0%| F|  |TAMS 0x00000000ea000000| PB 0x00000000ea000000| Untracked 
|  75|0x00000000eb000000, 0x00000000eb000000, 0x00000000ec000000|  0%| F|  |TAMS 0x00000000eb000000| PB 0x00000000eb000000| Untracked 
|  76|0x00000000ec000000, 0x00000000ec000000, 0x00000000ed000000|  0%| F|  |TAMS 0x00000000ec000000| PB 0x00000000ec000000| Untracked 
|  77|0x00000000ed000000, 0x00000000ed000000, 0x00000000ee000000|  0%| F|  |TAMS 0x00000000ed000000| PB 0x00000000ed000000| Untracked 
|  78|0x00000000ee000000, 0x00000000ee000000, 0x00000000ef000000|  0%| F|  |TAMS 0x00000000ee000000| PB 0x00000000ee000000| Untracked 
|  79|0x00000000ef000000, 0x00000000ef000000, 0x00000000f0000000|  0%| F|  |TAMS 0x00000000ef000000| PB 0x00000000ef000000| Untracked 
|  80|0x00000000f0000000, 0x00000000f0000000, 0x00000000f1000000|  0%| F|  |TAMS 0x00000000f0000000| PB 0x00000000f0000000| Untracked 
|  81|0x00000000f1000000, 0x00000000f1000000, 0x00000000f2000000|  0%| F|  |TAMS 0x00000000f1000000| PB 0x00000000f1000000| Untracked 
|  82|0x00000000f2000000, 0x00000000f2000000, 0x00000000f3000000|  0%| F|  |TAMS 0x00000000f2000000| PB 0x00000000f2000000| Untracked 
|  83|0x00000000f3000000, 0x00000000f3000000, 0x00000000f4000000|  0%| F|  |TAMS 0x00000000f3000000| PB 0x00000000f3000000| Untracked 
|  84|0x00000000f4000000, 0x00000000f4000000, 0x00000000f5000000|  0%| F|  |TAMS 0x00000000f4000000| PB 0x00000000f4000000| Untracked 
|  85|0x00000000f5000000, 0x00000000f5000000, 0x00000000f6000000|  0%| F|  |TAMS 0x00000000f5000000| PB 0x00000000f5000000| Untracked 
|  86|0x00000000f6000000, 0x00000000f6000000, 0x00000000f7000000|  0%| F|  |TAMS 0x00000000f6000000| PB 0x00000000f6000000| Untracked 
|  87|0x00000000f7000000, 0x00000000f7000000, 0x00000000f8000000|  0%| F|  |TAMS 0x00000000f7000000| PB 0x00000000f7000000| Untracked 
|  88|0x00000000f8000000, 0x00000000f8000000, 0x00000000f9000000|  0%| F|  |TAMS 0x00000000f8000000| PB 0x00000000f8000000| Untracked 
|  89|0x00000000f9000000, 0x00000000f9000000, 0x00000000fa000000|  0%| F|  |TAMS 0x00000000f9000000| PB 0x00000000f9000000| Untracked 
|  90|0x00000000fa000000, 0x00000000fa000000, 0x00000000fb000000|  0%| F|  |TAMS 0x00000000fa000000| PB 0x00000000fa000000| Untracked 
|  91|0x00000000fb000000, 0x00000000fb000000, 0x00000000fc000000|  0%| F|  |TAMS 0x00000000fb000000| PB 0x00000000fb000000| Untracked 
|  92|0x00000000fc000000, 0x00000000fc000000, 0x00000000fd000000|  0%| F|  |TAMS 0x00000000fc000000| PB 0x00000000fc000000| Untracked 
|  93|0x00000000fd000000, 0x00000000fd000000, 0x00000000fe000000|  0%| F|  |TAMS 0x00000000fd000000| PB 0x00000000fd000000| Untracked 
|  94|0x00000000fe000000, 0x00000000fe000000, 0x00000000ff000000|  0%| F|  |TAMS 0x00000000fe000000| PB 0x00000000fe000000| Untracked 
|  95|0x00000000ff000000, 0x00000000ff000000, 0x0000000100000000|  0%| F|  |TAMS 0x00000000ff000000| PB 0x00000000ff000000| Untracked 
|  96|0x0000000100000000, 0x0000000100000000, 0x0000000101000000|  0%| F|  |TAMS 0x0000000100000000| PB 0x0000000100000000| Untracked 
|  97|0x0000000101000000, 0x0000000101000000, 0x0000000102000000|  0%| F|  |TAMS 0x0000000101000000| PB 0x0000000101000000| Untracked 
|  98|0x0000000102000000, 0x0000000102000000, 0x0000000103000000|  0%| F|  |TAMS 0x0000000102000000| PB 0x0000000102000000| Untracked 
|  99|0x0000000103000000, 0x0000000103000000, 0x0000000104000000|  0%| F|  |TAMS 0x0000000103000000| PB 0x0000000103000000| Untracked 
| 100|0x0000000104000000, 0x0000000104000000, 0x0000000105000000|  0%| F|  |TAMS 0x0000000104000000| PB 0x0000000104000000| Untracked 
| 101|0x0000000105000000, 0x0000000105000000, 0x0000000106000000|  0%| F|  |TAMS 0x0000000105000000| PB 0x0000000105000000| Untracked 
| 102|0x0000000106000000, 0x0000000106000000, 0x0000000107000000|  0%| F|  |TAMS 0x0000000106000000| PB 0x0000000106000000| Untracked 
| 103|0x0000000107000000, 0x0000000107000000, 0x0000000108000000|  0%| F|  |TAMS 0x0000000107000000| PB 0x0000000107000000| Untracked 
| 104|0x0000000108000000, 0x0000000108000000, 0x0000000109000000|  0%| F|  |TAMS 0x0000000108000000| PB 0x0000000108000000| Untracked 
| 105|0x0000000109000000, 0x0000000109000000, 0x000000010a000000|  0%| F|  |TAMS 0x0000000109000000| PB 0x0000000109000000| Untracked 
| 106|0x000000010a000000, 0x000000010a000000, 0x000000010b000000|  0%| F|  |TAMS 0x000000010a000000| PB 0x000000010a000000| Untracked 
| 107|0x000000010b000000, 0x000000010b000000, 0x000000010c000000|  0%| F|  |TAMS 0x000000010b000000| PB 0x000000010b000000| Untracked 
| 108|0x000000010c000000, 0x000000010c000000, 0x000000010d000000|  0%| F|  |TAMS 0x000000010c000000| PB 0x000000010c000000| Untracked 
| 109|0x000000010d000000, 0x000000010d000000, 0x000000010e000000|  0%| F|  |TAMS 0x000000010d000000| PB 0x000000010d000000| Untracked 
| 110|0x000000010e000000, 0x000000010e000000, 0x000000010f000000|  0%| F|  |TAMS 0x000000010e000000| PB 0x000000010e000000| Untracked 
| 111|0x000000010f000000, 0x000000010f000000, 0x0000000110000000|  0%| F|  |TAMS 0x000000010f000000| PB 0x000000010f000000| Untracked 
| 112|0x0000000110000000, 0x0000000110000000, 0x0000000111000000|  0%| F|  |TAMS 0x0000000110000000| PB 0x0000000110000000| Untracked 
| 113|0x0000000111000000, 0x0000000111000000, 0x0000000112000000|  0%| F|  |TAMS 0x0000000111000000| PB 0x0000000111000000| Untracked 
| 114|0x0000000112000000, 0x0000000112000000, 0x0000000113000000|  0%| F|  |TAMS 0x0000000112000000| PB 0x0000000112000000| Untracked 
| 115|0x0000000113000000, 0x0000000113000000, 0x0000000114000000|  0%| F|  |TAMS 0x0000000113000000| PB 0x0000000113000000| Untracked 
| 116|0x0000000114000000, 0x0000000114000000, 0x0000000115000000|  0%| F|  |TAMS 0x0000000114000000| PB 0x0000000114000000| Untracked 
| 117|0x0000000115000000, 0x0000000115000000, 0x0000000116000000|  0%| F|  |TAMS 0x0000000115000000| PB 0x0000000115000000| Untracked 
| 118|0x0000000116000000, 0x0000000116000000, 0x0000000117000000|  0%| F|  |TAMS 0x0000000116000000| PB 0x0000000116000000| Untracked 
| 119|0x0000000117000000, 0x0000000117000000, 0x0000000118000000|  0%| F|  |TAMS 0x0000000117000000| PB 0x0000000117000000| Untracked 
| 120|0x0000000118000000, 0x0000000118000000, 0x0000000119000000|  0%| F|  |TAMS 0x0000000118000000| PB 0x0000000118000000| Untracked 
| 121|0x0000000119000000, 0x0000000119000000, 0x000000011a000000|  0%| F|  |TAMS 0x0000000119000000| PB 0x0000000119000000| Untracked 
| 122|0x000000011a000000, 0x000000011a000000, 0x000000011b000000|  0%| F|  |TAMS 0x000000011a000000| PB 0x000000011a000000| Untracked 
| 123|0x000000011b000000, 0x000000011b000000, 0x000000011c000000|  0%| F|  |TAMS 0x000000011b000000| PB 0x000000011b000000| Untracked 
| 124|0x000000011c000000, 0x000000011c000000, 0x000000011d000000|  0%| F|  |TAMS 0x000000011c000000| PB 0x000000011c000000| Untracked 
| 125|0x000000011d000000, 0x000000011d7ae180, 0x000000011e000000| 48%| E|  |TAMS 0x000000011d000000| PB 0x000000011d000000| Complete 
|1887|0x00000007ff000000, 0x00000007ff10d908, 0x0000000800000000|  6%| O|  |TAMS 0x00000007ff000000| PB 0x00000007ff000000| Untracked 

Card table byte_map: [0x00007faa5e3e1000,0x00007faa61ee1000] _byte_map_base: 0x00007faa5dee1000

Marking Bits: (CMBitMap*) 0x00007faa8005e370
 Bits: [0x00007faa40be1000, 0x00007faa5e3e1000)

Polling page: 0x00007faa870e4000

Metaspace:

Usage:
  Non-class:     77.16 KB used.
      Class:      3.70 KB used.
       Both:     80.86 KB used.

Virtual space:
  Non-class space:       64.00 MB reserved,     192.00 KB ( <1%) committed,  1 nodes.
      Class space:        1.00 GB reserved,     128.00 KB ( <1%) committed,  1 nodes.
             Both:        1.06 GB reserved,     320.00 KB ( <1%) committed. 

Chunk freelists:
   Non-Class:  12.00 MB
       Class:  15.75 MB
        Both:  27.74 MB

MaxMetaspaceSize: unlimited
CompressedClassSpaceSize: 1.00 GB
Initial GC threshold: 21.00 MB
Current GC threshold: 21.00 MB
CDS: on
 - commit_granule_bytes: 65536.
 - commit_granule_words: 8192.
 - virtual_space_node_default_size: 8388608.
 - enlarge_chunks_in_place: 1.
 - use_allocation_guard: 0.


Internal statistics:

num_allocs_failed_limit: 0.
num_arena_births: 4.
num_arena_deaths: 0.
num_vsnodes_births: 2.
num_vsnodes_deaths: 0.
num_space_committed: 5.
num_space_uncommitted: 0.
num_chunks_returned_to_freelist: 0.
num_chunks_taken_from_freelist: 5.
num_chunk_merges: 0.
num_chunk_splits: 3.
num_chunks_enlarged: 0.
num_inconsistent_stats: 0.

CodeHeap 'non-profiled nmethods': size=118592Kb used=1Kb max_used=1Kb free=118590Kb
 bounds [0x00007faa7072e000, 0x00007faa7099e000, 0x00007faa77afe000]
CodeHeap 'profiled nmethods': size=118588Kb used=4Kb max_used=4Kb free=118583Kb
 bounds [0x00007faa68afe000, 0x00007faa68d6e000, 0x00007faa6fecd000]
CodeHeap 'non-nmethods': size=8580Kb used=1218Kb max_used=1232Kb free=7361Kb
 bounds [0x00007faa6fecd000, 0x00007faa7013d000, 0x00007faa7072e000]
 total_blobs=304 nmethods=5 adapters=206
 compilation: enabled
              stopped_count=0, restarted_count=0
 full_count=0

Compilation events (7 events):
Event: 0.066 Thread 0x00007faa801f07a0    1       3       java.lang.Object::<init> (1 bytes)
Event: 0.067 Thread 0x00007faa801f07a0 nmethod 1 0x00007faa68afe010 code [0x00007faa68afe1a0, 0x00007faa68afe2a0]
Event: 0.068 Thread 0x00007faa801f07a0    2       3       java.lang.String::coder (15 bytes)
Event: 0.069 Thread 0x00007faa801f07a0 nmethod 2 0x00007faa68afe310 code [0x00007faa68afe4a0, 0x00007faa68afe5d0]
Event: 0.070 Thread 0x00007faa801f07a0    3       3       java.lang.String::length (11 bytes)
Event: 0.070 Thread 0x00007faa801f07a0 nmethod 3 0x00007faa68afe690 code [0x00007faa68afe840, 0x00007faa68afe9e0]
Event: 0.071 Thread 0x00007faa801f07a0    5       3       java.lang.String::hashCode (60 bytes)

GC Heap History (0 events):
No events

Dll operation events (3 events):
Event: 0.004 Loaded shared library /usr/lib/jvm/jdk-21.0.7-oracle-x64/lib/libjava.so
Event: 0.067 Loaded shared library /usr/lib/jvm/jdk-21.0.7-oracle-x64/lib/libjsvml.so
Event: 0.071 Loaded shared library /home/jingyuan/hindsight/java/libHS.so

Deoptimization events (0 events):
No events

Classes loaded (6 events):
Event: 0.061 Loading class sun/nio/cs/UTF_8$Encoder
Event: 0.061 Loading class sun/nio/cs/UTF_8$Encoder done
Event: 0.068 Loading class jdk/internal/loader/URLClassPath$FileLoader
Event: 0.068 Loading class jdk/internal/loader/URLClassPath$FileLoader done
Event: 0.069 Loading class jdk/internal/loader/URLClassPath$FileLoader$1
Event: 0.069 Loading class jdk/internal/loader/URLClassPath$FileLoader$1 done

Classes unloaded (0 events):
No events

Classes redefined (0 events):
No events

Internal exceptions (0 events):
No events

ZGC Phase Switch (0 events):
No events

VM Operations (0 events):
No events

Events (20 events):
Event: 0.003 Protecting memory [0x00007faa86fc6000,0x00007faa86fca000] with protection modes 0
Event: 0.052 Thread 0x00007faa80029fe0 Thread added: 0x00007faa80029fe0
Event: 0.062 Thread 0x00007faa801e7b20 Thread added: 0x00007faa801e7b20
Event: 0.062 Protecting memory [0x00007faa2ee5a000,0x00007faa2ee5e000] with protection modes 0
Event: 0.063 Thread 0x00007faa801e91a0 Thread added: 0x00007faa801e91a0
Event: 0.063 Protecting memory [0x00007faa2ed59000,0x00007faa2ed5d000] with protection modes 0
Event: 0.063 Thread 0x00007faa801ea920 Thread added: 0x00007faa801ea920
Event: 0.063 Protecting memory [0x00007faa2ec58000,0x00007faa2ec5c000] with protection modes 0
Event: 0.063 Thread 0x00007faa801ebf50 Thread added: 0x00007faa801ebf50
Event: 0.063 Protecting memory [0x00007faa2eb57000,0x00007faa2eb5b000] with protection modes 0
Event: 0.064 Thread 0x00007faa801ed4e0 Thread added: 0x00007faa801ed4e0
Event: 0.064 Protecting memory [0x00007faa2ea56000,0x00007faa2ea5a000] with protection modes 0
Event: 0.064 Thread 0x00007faa801ef0b0 Thread added: 0x00007faa801ef0b0
Event: 0.064 Protecting memory [0x00007faa2e955000,0x00007faa2e959000] with protection modes 0
Event: 0.064 Thread 0x00007faa801f07a0 Thread added: 0x00007faa801f07a0
Event: 0.064 Protecting memory [0x00007faa2e854000,0x00007faa2e858000] with protection modes 0
Event: 0.068 Thread 0x00007faa801fc600 Thread added: 0x00007faa801fc600
Event: 0.068 Protecting memory [0x00007faa2e683000,0x00007faa2e687000] with protection modes 0
Event: 0.069 Thread 0x00007faa8020f940 Thread added: 0x00007faa8020f940
Event: 0.069 Protecting memory [0x00007faa2e582000,0x00007faa2e586000] with protection modes 0


Dynamic libraries:
a0000000-11e000000 rw-p 00000000 00:00 0 
11e000000-7ff000000 ---p 00000000 00:00 0 
7ff000000-7ff10e000 rw-p 00ceb000 08:02 12463984                         /usr/lib/jvm/jdk-21.0.7-oracle-x64/lib/server/classes.jsa
7ff10e000-800000000 rw-p 00000000 00:00 0 
55bca1668000-55bca1669000 r-xp 00000000 08:02 12463777                   /usr/lib/jvm/jdk-21.0.7-oracle-x64/bin/java
55bca166a000-55bca166b000 r--p 00001000 08:02 12463777                   /usr/lib/jvm/jdk-21.0.7-oracle-x64/bin/java
55bca166b000-55bca166c000 rw-p 00002000 08:02 12463777                   /usr/lib/jvm/jdk-21.0.7-oracle-x64/bin/java
55bca2ea6000-55bca2eec000 rw-p 00000000 00:00 0                          [heap]
7fa9ac000000-7fa9ac021000 rw-p 00000000 00:00 0 
7fa9ac021000-7fa9b0000000 ---p 00000000 00:00 0 
7fa9b4000000-7fa9b4025000 rw-p 00000000 00:00 0 
7fa9b4025000-7fa9b8000000 ---p 00000000 00:00 0 
7fa9b8000000-7fa9b8021000 rw-p 00000000 00:00 0 
7fa9b8021000-7fa9bc000000 ---p 00000000 00:00 0 
7fa9bc000000-7fa9bc021000 rw-p 00000000 00:00 0 
7fa9bc021000-7fa9c0000000 ---p 00000000 00:00 0 
7fa9c0000000-7fa9c0057000 rw-p 00000000 00:00 0 
7fa9c0057000-7fa9c4000000 ---p 00000000 00:00 0 
7fa9c4000000-7fa9c4021000 rw-p 00000000 00:00 0 
7fa9c4021000-7fa9c8000000 ---p 00000000 00:00 0 
7fa9c8000000-7fa9c8021000 rw-p 00000000 00:00 0 
7fa9c8021000-7fa9cc000000 ---p 00000000 00:00 0 
7fa9cc000000-7fa9cc021000 rw-p 00000000 00:00 0 
7fa9cc021000-7fa9d0000000 ---p 00000000 00:00 0 
7fa9d0000000-7fa9d0021000 rw-p 00000000 00:00 0 
7fa9d0021000-7fa9d4000000 ---p 00000000 00:00 0 
7fa9d4000000-7fa9d4021000 rw-p 00000000 00:00 0 
7fa9d4021000-7fa9d8000000 ---p 00000000 00:00 0 
7fa9db000000-7fa9db020000 rw-p 00000000 00:00 0 
7fa9db020000-7fa9db400000 ---p 00000000 00:00 0 
7fa9db400000-7fa9db410000 rw-p 00000000 00:00 0 
7fa9db410000-7fa9df000000 ---p 00000000 00:00 0 
7fa9df000000-7fa9dfcab000 rw-p 00001000 08:02 12463984                   /usr/lib/jvm/jdk-21.0.7-oracle-x64/lib/server/classes.jsa
7fa9dfcab000-7fa9e0000000 ---p 00000000 00:00 0 
7fa9e0000000-7fa9e0010000 rw-p 00000000 00:00 0 
7fa9e0010000-7fa9e0040000 ---p 00000000 00:00 0 
7fa9e0040000-7fa9e0050000 rw-p 00000000 00:00 0 
7fa9e0050000-7faa20000000 ---p 00000000 00:00 0 
7faa20000000-7faa20021000 rw-p 00000000 00:00 0 
7faa20021000-7faa24000000 ---p 00000000 00:00 0 
7faa24000000-7faa24021000 rw-p 00000000 00:00 0 
7faa24021000-7faa28000000 ---p 00000000 00:00 0 
7faa28000000-7faa28021000 rw-p 00000000 00:00 0 
7faa28021000-7faa2c000000 ---p 00000000 00:00 0 
7faa2e177000-7faa2e17e000 r-xp 00000000 08:02 15673336                   /home/jingyuan/hindsight/client/lib/libtracer.so
7faa2e17e000-7faa2e37e000 ---p 00007000 08:02 15673336                   /home/jingyuan/hindsight/client/lib/libtracer.so
7faa2e37e000-7faa2e37f000 r--p 00007000 08:02 15673336                   /home/jingyuan/hindsight/client/lib/libtracer.so
7faa2e37f000-7faa2e380000 rw-p 00008000 08:02 15673336                   /home/jingyuan/hindsight/client/lib/libtracer.so
7faa2e380000-7faa2e381000 r-xp 00000000 08:02 15746898                   /home/jingyuan/hindsight/java/libHS.so
7faa2e381000-7faa2e580000 ---p 00001000 08:02 15746898                   /home/jingyuan/hindsight/java/libHS.so
7faa2e580000-7faa2e581000 r--p 00000000 08:02 15746898                   /home/jingyuan/hindsight/java/libHS.so
7faa2e581000-7faa2e582000 rw-p 00001000 08:02 15746898                   /home/jingyuan/hindsight/java/libHS.so
7faa2e582000-7faa2e586000 ---p 00000000 00:00 0 
7faa2e586000-7faa2e683000 rw-p 00000000 00:00 0 
7faa2e683000-7faa2e687000 ---p 00000000 00:00 0 
7faa2e687000-7faa2e784000 rw-p 00000000 00:00 0 
7faa2e784000-7faa2e852000 r-xp 00000000 08:02 12463960                   /usr/lib/jvm/jdk-21.0.7-oracle-x64/lib/libjsvml.so
7faa2e852000-7faa2e853000 r--p 000cd000 08:02 12463960                   /usr/lib/jvm/jdk-21.0.7-oracle-x64/lib/libjsvml.so
7faa2e853000-7faa2e854000 rw-p 000ce000 08:02 12463960                   /usr/lib/jvm/jdk-21.0.7-oracle-x64/lib/libjsvml.so
7faa2e854000-7faa2e858000 ---p 00000000 00:00 0 
7faa2e858000-7faa2e955000 rw-p 00000000 00:00 0 
7faa2e955000-7faa2e959000 ---p 00000000 00:00 0 
7faa2e959000-7faa2ea56000 rw-p 00000000 00:00 0 
7faa2ea56000-7faa2ea5a000 ---p 00000000 00:00 0 
7faa2ea5a000-7faa2eb57000 rw-p 00000000 00:00 0 
7faa2eb57000-7faa2eb5b000 ---p 00000000 00:00 0 
7faa2eb5b000-7faa2ec58000 rw-p 00000000 00:00 0 
7faa2ec58000-7faa2ec5c000 ---p 00000000 00:00 0 
7faa2ec5c000-7faa2ed59000 rw-p 00000000 00:00 0 
7faa2ed59000-7faa2ed5d000 ---p 00000000 00:00 0 
7faa2ed5d000-7faa2ee5a000 rw-p 00000000 00:00 0 
7faa2ee5a000-7faa2ee5e000 ---p 00000000 00:00 0 
7faa2ee5e000-7faa2ef5b000 rw-p 00000000 00:00 0 
7faa2ef5b000-7faa2f0f6000 r--p 00000000 08:02 10229666                   /usr/lib/locale/locale-archive
7faa2f0f6000-7faa2f0f7000 ---p 00000000 00:00 0 
7faa2f0f7000-7faa2f1f7000 rw-p 00000000 00:00 0 
7faa2f1f7000-7faa2f1f8000 ---p 00000000 00:00 0 
7faa2f1f8000-7faa2f3d4000 rw-p 00000000 00:00 0 
7faa2f3d4000-7faa2f3d5000 ---p 00000000 00:00 0 
7faa2f3d5000-7faa2f4d5000 rw-p 00000000 00:00 0 
7faa2f4d5000-7faa2f4d6000 ---p 00000000 00:00 0 
7faa2f4d6000-7faa34000000 rw-p 00000000 00:00 0 
7faa34000000-7faa34021000 rw-p 00000000 00:00 0 
7faa34021000-7faa38000000 ---p 00000000 00:00 0 
7faa38000000-7faa38021000 rw-p 00000000 00:00 0 
7faa38021000-7faa3c000000 ---p 00000000 00:00 0 
7faa3c000000-7faa3c021000 rw-p 00000000 00:00 0 
7faa3c021000-7faa40000000 ---p 00000000 00:00 0 
7faa4004b000-7faa40651000 rw-p 00000000 00:00 0 
7faa40651000-7faa40652000 ---p 00000000 00:00 0 
7faa40652000-7faa40752000 rw-p 00000000 00:00 0 
7faa40752000-7faa40753000 ---p 00000000 00:00 0 
7faa40753000-7faa40853000 rw-p 00000000 00:00 0 
7faa40853000-7faa40854000 ---p 00000000 00:00 0 
7faa40854000-7faa42b61000 rw-p 00000000 00:00 0 
7faa42b61000-7faa5e3a1000 ---p 00000000 00:00 0 
7faa5e3a1000-7faa5e7d1000 rw-p 00000000 00:00 0 
7faa5e7d1000-7faa61ed9000 ---p 00000000 00:00 0 
7faa61ed9000-7faa622d1000 rw-p 00000000 00:00 0 
7faa622d1000-7faa659d9000 ---p 00000000 00:00 0 
7faa659d9000-7faa68afe000 rw-p 00000000 00:00 0 
7faa68afe000-7faa68d6e000 rwxp 00000000 00:00 0 
7faa68d6e000-7faa6fecd000 ---p 00000000 00:00 0 
7faa6fecd000-7faa7013d000 rwxp 00000000 00:00 0 
7faa7013d000-7faa7072e000 ---p 00000000 00:00 0 
7faa7072e000-7faa7099e000 rwxp 00000000 00:00 0 
7faa7099e000-7faa77afe000 ---p 00000000 00:00 0 
7faa77afe000-7faa80000000 r--s 00000000 08:02 12463977                   /usr/lib/jvm/jdk-21.0.7-oracle-x64/lib/modules
7faa80000000-7faa8022a000 rw-p 00000000 00:00 0 
7faa8022a000-7faa84000000 ---p 00000000 00:00 0 
7faa84037000-7faa8407d000 rw-p 00000000 00:00 0 
7faa8407d000-7faa84160000 ---p 00000000 00:00 0 
7faa84160000-7faa84165000 rw-p 00000000 00:00 0 
7faa84165000-7faa84248000 ---p 00000000 00:00 0 
7faa84248000-7faa84253000 r-xp 00000000 08:02 3932734                    /lib/x86_64-linux-gnu/libnss_files-2.27.so
7faa84253000-7faa84452000 ---p 0000b000 08:02 3932734                    /lib/x86_64-linux-gnu/libnss_files-2.27.so
7faa84452000-7faa84453000 r--p 0000a000 08:02 3932734                    /lib/x86_64-linux-gnu/libnss_files-2.27.so
7faa84453000-7faa84454000 rw-p 0000b000 08:02 3932734                    /lib/x86_64-linux-gnu/libnss_files-2.27.so
7faa84454000-7faa8445a000 rw-p 00000000 00:00 0 
7faa8445a000-7faa84471000 r-xp 00000000 08:02 3932654                    /lib/x86_64-linux-gnu/libnsl-2.27.so
7faa84471000-7faa84670000 ---p 00017000 08:02 3932654                    /lib/x86_64-linux-gnu/libnsl-2.27.so
7faa84670000-7faa84671000 r--p 00016000 08:02 3932654                    /lib/x86_64-linux-gnu/libnsl-2.27.so
7faa84671000-7faa84672000 rw-p 00017000 08:02 3932654                    /lib/x86_64-linux-gnu/libnsl-2.27.so
7faa84672000-7faa84674000 rw-p 00000000 00:00 0 
7faa84674000-7faa8467f000 r-xp 00000000 08:02 3932885                    /lib/x86_64-linux-gnu/libnss_nis-2.27.so
7faa8467f000-7faa8487e000 ---p 0000b000 08:02 3932885                    /lib/x86_64-linux-gnu/libnss_nis-2.27.so
7faa8487e000-7faa8487f000 r--p 0000a000 08:02 3932885                    /lib/x86_64-linux-gnu/libnss_nis-2.27.so
7faa8487f000-7faa84880000 rw-p 0000b000 08:02 3932885                    /lib/x86_64-linux-gnu/libnss_nis-2.27.so
7faa84880000-7faa84888000 r-xp 00000000 08:02 3932675                    /lib/x86_64-linux-gnu/libnss_compat-2.27.so
7faa84888000-7faa84a88000 ---p 00008000 08:02 3932675                    /lib/x86_64-linux-gnu/libnss_compat-2.27.so
7faa84a88000-7faa84a89000 r--p 00008000 08:02 3932675                    /lib/x86_64-linux-gnu/libnss_compat-2.27.so
7faa84a89000-7faa84a8a000 rw-p 00009000 08:02 3932675                    /lib/x86_64-linux-gnu/libnss_compat-2.27.so
7faa84a8a000-7faa84c27000 r-xp 00000000 08:02 3932534                    /lib/x86_64-linux-gnu/libm-2.27.so
7faa84c27000-7faa84e26000 ---p 0019d000 08:02 3932534                    /lib/x86_64-linux-gnu/libm-2.27.so
7faa84e26000-7faa84e27000 r--p 0019c000 08:02 3932534                    /lib/x86_64-linux-gnu/libm-2.27.so
7faa84e27000-7faa84e28000 rw-p 0019d000 08:02 3932534                    /lib/x86_64-linux-gnu/libm-2.27.so
7faa84e28000-7faa84e2f000 r-xp 00000000 08:02 3935495                    /lib/x86_64-linux-gnu/librt-2.27.so
7faa84e2f000-7faa8502e000 ---p 00007000 08:02 3935495                    /lib/x86_64-linux-gnu/librt-2.27.so
7faa8502e000-7faa8502f000 r--p 00006000 08:02 3935495                    /lib/x86_64-linux-gnu/librt-2.27.so
7faa8502f000-7faa85030000 rw-p 00007000 08:02 3935495                    /lib/x86_64-linux-gnu/librt-2.27.so
7faa85030000-7faa8634b000 r-xp 00000000 08:02 12463987                   /usr/lib/jvm/jdk-21.0.7-oracle-x64/lib/server/libjvm.so
7faa8634b000-7faa8641c000 r--p 0131a000 08:02 12463987                   /usr/lib/jvm/jdk-21.0.7-oracle-x64/lib/server/libjvm.so
7faa8641c000-7faa8644a000 rw-p 013eb000 08:02 12463987                   /usr/lib/jvm/jdk-21.0.7-oracle-x64/lib/server/libjvm.so
7faa8644a000-7faa864b0000 rw-p 00000000 00:00 0 
7faa864b0000-7faa86697000 r-xp 00000000 08:02 3932530                    /lib/x86_64-linux-gnu/libc-2.27.so
7faa86697000-7faa86897000 ---p 001e7000 08:02 3932530                    /lib/x86_64-linux-gnu/libc-2.27.so
7faa86897000-7faa8689b000 r--p 001e7000 08:02 3932530                    /lib/x86_64-linux-gnu/libc-2.27.so
7faa8689b000-7faa8689d000 rw-p 001eb000 08:02 3932530                    /lib/x86_64-linux-gnu/libc-2.27.so
7faa8689d000-7faa868a1000 rw-p 00000000 00:00 0 
7faa868a1000-7faa868a4000 r-xp 00000000 08:02 3932533                    /lib/x86_64-linux-gnu/libdl-2.27.so
7faa868a4000-7faa86aa3000 ---p 00003000 08:02 3932533                    /lib/x86_64-linux-gnu/libdl-2.27.so
7faa86aa3000-7faa86aa4000 r--p 00002000 08:02 3932533                    /lib/x86_64-linux-gnu/libdl-2.27.so
7faa86aa4000-7faa86aa5000 rw-p 00003000 08:02 3932533                    /lib/x86_64-linux-gnu/libdl-2.27.so
7faa86aa5000-7faa86abf000 r-xp 00000000 08:02 3935491                    /lib/x86_64-linux-gnu/libpthread-2.27.so
7faa86abf000-7faa86cbe000 ---p 0001a000 08:02 3935491                    /lib/x86_64-linux-gnu/libpthread-2.27.so
7faa86cbe000-7faa86cbf000 r--p 00019000 08:02 3935491                    /lib/x86_64-linux-gnu/libpthread-2.27.so
7faa86cbf000-7faa86cc0000 rw-p 0001a000 08:02 3935491                    /lib/x86_64-linux-gnu/libpthread-2.27.so
7faa86cc0000-7faa86cc4000 rw-p 00000000 00:00 0 
7faa86cc4000-7faa86ce0000 r-xp 00000000 08:02 3932226                    /lib/x86_64-linux-gnu/libz.so.1.2.11
7faa86ce0000-7faa86edf000 ---p 0001c000 08:02 3932226                    /lib/x86_64-linux-gnu/libz.so.1.2.11
7faa86edf000-7faa86ee0000 r--p 0001b000 08:02 3932226                    /lib/x86_64-linux-gnu/libz.so.1.2.11
7faa86ee0000-7faa86ee1000 rw-p 0001c000 08:02 3932226                    /lib/x86_64-linux-gnu/libz.so.1.2.11
7faa86ee1000-7faa86f0a000 r-xp 00000000 08:02 3932311                    /lib/x86_64-linux-gnu/ld-2.27.so
7faa86f13000-7faa86f1a000 r--s 00000000 08:02 10408046                   /usr/lib/x86_64-linux-gnu/gconv/gconv-modules.cache
7faa86f1a000-7faa86f96000 rw-p 00000000 00:00 0 
7faa86f96000-7faa86fa2000 ---p 00000000 00:00 0 
7faa86fa2000-7faa86fc2000 r-xp 00000000 08:02 12463952                   /usr/lib/jvm/jdk-21.0.7-oracle-x64/lib/libjava.so
7faa86fc2000-7faa86fc3000 ---p 00020000 08:02 12463952                   /usr/lib/jvm/jdk-21.0.7-oracle-x64/lib/libjava.so
7faa86fc3000-7faa86fc4000 r--p 00020000 08:02 12463952                   /usr/lib/jvm/jdk-21.0.7-oracle-x64/lib/libjava.so
7faa86fc4000-7faa86fc5000 rw-p 00021000 08:02 12463952                   /usr/lib/jvm/jdk-21.0.7-oracle-x64/lib/libjava.so
7faa86fc5000-7faa86fc6000 rw-p 00000000 00:00 0 
7faa86fc6000-7faa86fca000 ---p 00000000 00:00 0 
7faa86fca000-7faa870c9000 rw-p 00000000 00:00 0 
7faa870c9000-7faa870d7000 r-xp 00000000 08:02 12463957                   /usr/lib/jvm/jdk-21.0.7-oracle-x64/lib/libjli.so
7faa870d7000-7faa870d8000 ---p 0000e000 08:02 12463957                   /usr/lib/jvm/jdk-21.0.7-oracle-x64/lib/libjli.so
7faa870d8000-7faa870d9000 r--p 0000e000 08:02 12463957                   /usr/lib/jvm/jdk-21.0.7-oracle-x64/lib/libjli.so
7faa870d9000-7faa870da000 rw-p 0000f000 08:02 12463957                   /usr/lib/jvm/jdk-21.0.7-oracle-x64/lib/libjli.so
7faa870dc000-7faa870e4000 rw-s 00000000 08:02 10092580                   /tmp/hsperfdata_jingyuan/40972
7faa870e4000-7faa870e5000 ---p 00000000 00:00 0 
7faa870e5000-7faa870e6000 r--p 00000000 00:00 0 
7faa870e6000-7faa870e7000 ---p 00000000 00:00 0 
7faa870e7000-7faa87105000 r-xp 00000000 08:02 12463956                   /usr/lib/jvm/jdk-21.0.7-oracle-x64/lib/libjimage.so
7faa87105000-7faa87107000 r--p 0001d000 08:02 12463956                   /usr/lib/jvm/jdk-21.0.7-oracle-x64/lib/libjimage.so
7faa87107000-7faa87108000 rw-p 0001f000 08:02 12463956                   /usr/lib/jvm/jdk-21.0.7-oracle-x64/lib/libjimage.so
7faa87108000-7faa8710a000 rw-p 00000000 00:00 0 
7faa8710a000-7faa8710b000 r--p 00029000 08:02 3932311                    /lib/x86_64-linux-gnu/ld-2.27.so
7faa8710b000-7faa8710c000 rw-p 0002a000 08:02 3932311                    /lib/x86_64-linux-gnu/ld-2.27.so
7faa8710c000-7faa8710d000 rw-p 00000000 00:00 0 
7ffdac317000-7ffdac338000 rw-p 00000000 00:00 0                          [stack]
7ffdac3ee000-7ffdac3f1000 r--p 00000000 00:00 0                          [vvar]
7ffdac3f1000-7ffdac3f3000 r-xp 00000000 00:00 0                          [vdso]
ffffffffff600000-ffffffffff601000 r-xp 00000000 00:00 0                  [vsyscall]
Total number of mappings: 192


VM Arguments:
java_command: A
java_class_path (initial): .
Launcher Type: SUN_STANDARD

[Global flags]
     intx CICompilerCount                          = 18                                        {product} {ergonomic}
     uint ConcGCThreads                            = 12                                        {product} {ergonomic}
     uint G1ConcRefinementThreads                  = 48                                        {product} {ergonomic}
   size_t G1HeapRegionSize                         = 16777216                                  {product} {ergonomic}
    uintx GCDrainStackTargetSize                   = 64                                        {product} {ergonomic}
   size_t InitialHeapSize                          = 2113929216                                {product} {ergonomic}
   size_t MarkStackSize                            = 4194304                                   {product} {ergonomic}
   size_t MaxHeapSize                              = 31675383808                               {product} {ergonomic}
   size_t MaxNewSize                               = 18991808512                               {product} {ergonomic}
   size_t MinHeapDeltaBytes                        = 16777216                                  {product} {ergonomic}
   size_t MinHeapSize                              = 16777216                                  {product} {ergonomic}
    uintx NonNMethodCodeHeapSize                   = 8782280                                {pd product} {ergonomic}
    uintx NonProfiledCodeHeapSize                  = 121437980                              {pd product} {ergonomic}
    uintx ProfiledCodeHeapSize                     = 121437980                              {pd product} {ergonomic}
    uintx ReservedCodeCacheSize                    = 251658240                              {pd product} {ergonomic}
     bool SegmentedCodeCache                       = true                                      {product} {ergonomic}
   size_t SoftMaxHeapSize                          = 31675383808                            {manageable} {ergonomic}
     bool UseCompressedOops                        = true                           {product lp64_product} {ergonomic}
     bool UseG1GC                                  = true                                      {product} {ergonomic}

Logging:
Log output configuration:
 #0: stdout all=warning uptime,level,tags foldmultilines=false
 #1: stderr all=off uptime,level,tags foldmultilines=false

Environment Variables:
JAVA_HOME=/usr/lib/jvm/java-1.11.0-openjdk-amd64
PATH=/usr/local/lib/node/node-v16.20.2-linux-x64/bin:/home/jingyuan/.local/bin:/home/jingyuan/.nix-profile/bin:/nix/var/nix/profiles/default/bin:/usr/local/lib/node/node-v16.20.2-linux-x64/bin:/home/jingyuan/.local/bin:/usr/local/sbin:/usr/local/bin:/usr/sbin:/usr/bin:/sbin:/bin:/usr/games:/usr/local/games:/snap/bin:/opt/nvim-linux64/bin:/opt/apache-maven-3.9.4/bin:~/aspectj/bin:/home/jingyuan/.fzf/bin:/opt/nvim-linux64/bin:/opt/apache-maven-3.9.4/bin:~/aspectj/bin:/home/jingyuan/mysouffle/bin:/nix/var/nix/profiles/default/bin:/opt/neo4j/bin:/usr/local/go/bin
SHELL=/bin/bash
LANG=en_US.UTF-8
TERM=screen

Active Locale:
LC_ALL=en_US.UTF-8
LC_COLLATE=en_US.UTF-8
LC_CTYPE=en_US.UTF-8
LC_MESSAGES=en_US.UTF-8
LC_MONETARY=en_US.UTF-8
LC_NUMERIC=en_US.UTF-8
LC_TIME=en_US.UTF-8

Signal Handlers:
   SIGSEGV: crash_handler in libjvm.so, mask=11100100010111111101111111111110, flags=SA_RESTART|SA_SIGINFO, unblocked
    SIGBUS: crash_handler in libjvm.so, mask=11100100010111111101111111111110, flags=SA_RESTART|SA_SIGINFO, unblocked
    SIGFPE: crash_handler in libjvm.so, mask=11100100010111111101111111111110, flags=SA_RESTART|SA_SIGINFO, unblocked
   SIGPIPE: javaSignalHandler in libjvm.so, mask=11100100010111111101111111111110, flags=SA_RESTART|SA_SIGINFO, blocked
   SIGXFSZ: javaSignalHandler in libjvm.so, mask=11100100010111111101111111111110, flags=SA_RESTART|SA_SIGINFO, blocked
    SIGILL: crash_handler in libjvm.so, mask=11100100010111111101111111111110, flags=SA_RESTART|SA_SIGINFO, unblocked
   SIGUSR2: SR_handler in libjvm.so, mask=00000000000000000000000000000000, flags=SA_RESTART|SA_SIGINFO, blocked
    SIGHUP: UserHandler in libjvm.so, mask=11100100010111111101111111111110, flags=SA_RESTART|SA_SIGINFO, blocked
    SIGINT: UserHandler in libjvm.so, mask=11100100010111111101111111111110, flags=SA_RESTART|SA_SIGINFO, blocked
   SIGTERM: UserHandler in libjvm.so, mask=11100100010111111101111111111110, flags=SA_RESTART|SA_SIGINFO, blocked
   SIGQUIT: UserHandler in libjvm.so, mask=11100100010111111101111111111110, flags=SA_RESTART|SA_SIGINFO, blocked
   SIGTRAP: crash_handler in libjvm.so, mask=11100100010111111101111111111110, flags=SA_RESTART|SA_SIGINFO, unblocked


Periodic native trim disabled

---------------  S Y S T E M  ---------------

OS:
DISTRIB_ID=Ubuntu
DISTRIB_RELEASE=18.04
DISTRIB_CODENAME=bionic
DISTRIB_DESCRIPTION="Ubuntu 18.04.6 LTS"
uname: Linux 4.15.0-213-generic #224-Ubuntu SMP Mon Jun 19 13:30:12 UTC 2023 x86_64
OS uptime: 215 days 2:55 hours
libc: glibc 2.27 NPTL 2.27 
rlimit (soft/hard): STACK 8192k/infinity , CORE 0k/infinity , NPROC 514015/514015 , NOFILE 1048576/1048576 , AS infinity/infinity , CPU infinity/infinity , DATA infinity/infinity , FSIZE infinity/infinity , MEMLOCK 65536k/65536k
load average: 0.20 0.30 0.30

/proc/meminfo:
MemTotal:       131655992 kB
MemFree:        32891040 kB
MemAvailable:   108821112 kB
Buffers:         4274228 kB
Cached:         68778540 kB
SwapCached:        33468 kB
Active:         56708228 kB
Inactive:       35511600 kB
Active(anon):   18686356 kB
Inactive(anon):   523728 kB
Active(file):   38021872 kB
Inactive(file): 34987872 kB
Unevictable:           0 kB
Mlocked:               0 kB
SwapTotal:       8388604 kB
SwapFree:        7951952 kB
Dirty:               164 kB
Writeback:             0 kB
AnonPages:      19156432 kB
Mapped:           309068 kB
Shmem:             42992 kB
Slab:            4931908 kB
SReclaimable:    3966384 kB
SUnreclaim:       965524 kB
KernelStack:       35952 kB
PageTables:        82156 kB
NFS_Unstable:          0 kB
Bounce:                0 kB
WritebackTmp:          0 kB
CommitLimit:    74216600 kB
Committed_AS:   19175248 kB
VmallocTotal:   34359738367 kB
VmallocUsed:           0 kB
VmallocChunk:          0 kB
HardwareCorrupted:     0 kB
AnonHugePages:         0 kB
ShmemHugePages:        0 kB
ShmemPmdMapped:        0 kB
CmaTotal:              0 kB
CmaFree:               0 kB
HugePages_Total:       0
HugePages_Free:        0
HugePages_Rsvd:        0
HugePages_Surp:        0
Hugepagesize:       2048 kB
DirectMap4k:    44890312 kB
DirectMap2M:    86865920 kB
DirectMap1G:     4194304 kB

/sys/kernel/mm/transparent_hugepage/enabled: always [madvise] never
/sys/kernel/mm/transparent_hugepage/defrag (defrag/compaction efforts parameter): always defer defer+madvise [madvise] never

Process Memory:
Virtual Size: 34377384K (peak: 34434456K)
Resident Set Size: 47044K (peak: 47044K) (anon: 27352K, file: 19692K, shmem: 0K)
Swapped out: 0K
C-Heap outstanding allocations: 108409K, retained: 2002K (may have wrapped)
glibc malloc tunables: (default)

/proc/sys/kernel/threads-max (system-wide limit on the number of threads): 1028031
/proc/sys/vm/max_map_count (maximum number of memory map areas a process may have): 65530
/proc/sys/kernel/pid_max (system-wide limit on number of process identifiers): 73728

container (cgroup) information:
container_type: cgroupv1
cpu_cpuset_cpus: 0-71
cpu_memory_nodes: 0-1
active_processor_count: 72
cpu_quota: no quota
cpu_period: 100000
cpu_shares: no shares
memory_limit_in_bytes: unlimited
memory_and_swap_limit_in_bytes: unlimited
memory_soft_limit_in_bytes: unlimited
memory_usage_in_bytes: 64114700 k
memory_max_usage_in_bytes: 128492604 k
kernel_memory_usage_in_bytes: 586268 k
kernel_memory_max_usage_in_bytes: unlimited
kernel_memory_limit_in_bytes: 65669828 k
maximum number of tasks: unlimited
current number of tasks: 1028

Steal ticks since vm start: 0
Steal ticks percentage since vm start:  0.000

CPU: total 72 (initial active 72) (18 cores per cpu, 2 threads per core) family 6 model 85 stepping 7 microcode 0x5003303, cx8, cmov, fxsr, ht, mmx, 3dnowpref, sse, sse2, sse3, ssse3, sse4.1, sse4.2, popcnt, lzcnt, tsc, tscinvbit, avx, avx2, aes, erms, clmul, bmi1, bmi2, adx, avx512f, avx512dq, avx512cd, avx512bw, avx512vl, fma, vzeroupper, avx512_vnni, clflush, clflushopt, clwb, rdtscp, f16c, pku, ospke
CPU Model and flags from /proc/cpuinfo:
model name	: Intel(R) Xeon(R) Gold 5220 CPU @ 2.20GHz
flags		: fpu vme de pse tsc msr pae mce cx8 apic sep mtrr pge mca cmov pat pse36 clflush dts acpi mmx fxsr sse sse2 ss ht tm pbe syscall nx pdpe1gb rdtscp lm constant_tsc art arch_perfmon pebs bts rep_good nopl xtopology nonstop_tsc cpuid aperfmperf pni pclmulqdq dtes64 monitor ds_cpl vmx smx est tm2 ssse3 sdbg fma cx16 xtpr pdcm pcid dca sse4_1 sse4_2 x2apic movbe popcnt tsc_deadline_timer aes xsave avx f16c rdrand lahf_lm abm 3dnowprefetch cpuid_fault epb cat_l3 cdp_l3 invpcid_single intel_ppin ssbd mba ibrs ibpb stibp ibrs_enhanced tpr_shadow vnmi flexpriority ept vpid fsgsbase tsc_adjust bmi1 avx2 smep bmi2 erms invpcid cqm mpx rdt_a avx512f avx512dq rdseed adx smap clflushopt clwb intel_pt avx512cd avx512bw avx512vl xsaveopt xsavec xgetbv1 xsaves cqm_llc cqm_occup_llc cqm_mbm_total cqm_mbm_local dtherm ida arat pln pts pku ospke avx512_vnni md_clear flush_l1d arch_capabilities

Online cpus: 0-71
Offline cpus: 
BIOS frequency limitation: 2201000
Frequency switch latency (ns): 10000
Available cpu frequencies: 2201000 2200000 2100000 2000000 1900000 1800000 1700000 1600000 1500000 1400000 1300000 1200000 1100000 1000000 
Current governor: ondemand
Core performance/turbo boost: 1

Memory: 4k page, physical 131655992k(108821112k free), swap 8388604k(7951952k free)
Page Sizes: 4k

vm_info: Java HotSpot(TM) 64-Bit Server VM (21.0.7+8-LTS-245) for linux-amd64 JRE (21.0.7+8-LTS-245), built on 2025-02-21T05:11:27Z by "mach5one" with gcc 13.2.0

END.
