#
# A fatal error has been detected by the Java Runtime Environment:
#
#  SIGSEGV (0xb) at pc=0x00007f932b801461, pid=40877, tid=40878
#
# JRE version: Java(TM) SE Runtime Environment (21.0.7+8) (build 21.0.7+8-LTS-245)
# Java VM: Java HotSpot(TM) 64-Bit Server VM (21.0.7+8-LTS-245, mixed mode, sharing, tiered, compressed oops, compressed class ptrs, g1 gc, linux-amd64)
# Problematic frame:
# C  [libc.so.6+0x18e461]
#
# Core dump will be written. Default location: Core dumps may be processed with "/usr/share/apport/apport -p%p -s%s -c%c -d%d -P%P -u%u -g%g -F%F -- %E" (or dumping to /home/jingyuan/hindsight/java/core.40877)
#
# If you would like to submit a bug report, please visit:
#   https://bugreport.java.com/bugreport/crash.jsp
# The crash happened outside the Java Virtual Machine in native code.
# See problematic frame for where to report the bug.
#

---------------  S U M M A R Y ------------

Command Line: A

Host: Intel(R) Xeon(R) Gold 5220 CPU @ 2.20GHz, 72 cores, 125G, Ubuntu 18.04.6 LTS
Time: Sat Aug  2 15:44:46 2025 PDT elapsed time: 0.079646 seconds (0d 0h 0m 0s)

---------------  T H R E A D  ---------------

Current thread (0x00007f9324029fe0):  JavaThread "main"             [_thread_in_native, id=40878, stack(0x00007f932c189000,0x00007f932c28a000) (1028K)]

Stack: [0x00007f932c189000,0x00007f932c28a000],  sp=0x00007f932c288808,  free space=1022k
Native frames: (J=compiled Java code, j=interpreted, Vv=VM code, C=native code)
C  [libc.so.6+0x18e461]
Java frames: (J=compiled Java code, j=interpreted, Vv=VM code)
j  A.hindsightInit(Ljava/lang/String;Ljava/lang/String;)V+0
j  A.main([Ljava/lang/String;)V+17
v  ~StubRoutines::call_stub 0x00007f9313ecdcc6

siginfo: si_signo: 11 (SIGSEGV), si_code: 1 (SEGV_MAPERR), si_addr: 0x0000000000000020

Registers:
RAX=0x0000000000000000, RBX=0x00007f93242198e0, RCX=0x0000000000000020, RDX=0x0000000000000020
RSP=0x00007f932c288808, RBP=0x0000000000000020, RSI=0x0000000000000020, RDI=0x0000000000000020
R8 =0x000000011d014b38, R9 =0x00007f93242198e0, R10=0x000000000000000a, R11=0x00007f932b7a4a10
R12=0x0000000000000080, R13=0x00007f932c288854, R14=0x00007f932c2889b8, R15=0x00007f9324029fe0
RIP=0x00007f932b801461, EFLAGS=0x0000000000010246, CSGSFS=0x002b000000000033, ERR=0x0000000000000004
  TRAPNO=0x000000000000000e


Register to memory mapping:

RAX=0x0 is null
RBX=0x00007f93242198e0 points into unknown readable memory: 0x6e69682f6374652f | 2f 65 74 63 2f 68 69 6e
RCX=0x0000000000000020 is an unknown value
RDX=0x0000000000000020 is an unknown value
RSP=0x00007f932c288808 is pointing into the stack for thread: 0x00007f9324029fe0
RBP=0x0000000000000020 is an unknown value
RSI=0x0000000000000020 is an unknown value
RDI=0x0000000000000020 is an unknown value
R8 =0x000000011d014b38 is an oop: java.lang.String 
{0x000000011d014b38} - klass: 'java/lang/String'
 - string: "Java_A_hindsightInit"
 - ---- fields (total size 3 words):
 - private 'hash' 'I' @12  0 (0x00000000)
 - private final 'coder' 'B' @16  0 (0x00)
 - private 'hashIsZero' 'Z' @17  false (0x00)
 - injected 'flags' 'B' @18  0 (0x00)
 - private final 'value' '[B' @20  [B{0x000000011d014b50} (0x23a0296a)
R9 =0x00007f93242198e0 points into unknown readable memory: 0x6e69682f6374652f | 2f 65 74 63 2f 68 69 6e
R10=0x000000000000000a is an unknown value
R11=0x00007f932b7a4a10: __stpcpy_chk+0x0000000000000000 in /lib/x86_64-linux-gnu/libc.so.6 at 0x00007f932b673000
R12=0x0000000000000080 is an unknown value
R13=0x00007f932c288854 is pointing into the stack for thread: 0x00007f9324029fe0
R14=0x00007f932c2889b8 is pointing into the stack for thread: 0x00007f9324029fe0
R15=0x00007f9324029fe0 is a thread

Top of Stack: (sp=0x00007f932c288808)
0x00007f932c288808:   00007f932b7a4a2b 0000000000000000
0x00007f932c288818:   00007f93242198e0 00007f932c288840
0x00007f932c288828:   0000000000000000 00007f9283400318
0x00007f932c288838:   00007f9282321254 6e69682f6374652f
0x00007f932c288848:   635f746867697364 000000002f666e6f
0x00007f932c288858:   0000000000000000 0000000000000000
0x00007f932c288868:   0000000000000000 0000000000000000
0x00007f932c288878:   0000000000000000 cafebabecafebabe
0x00007f932c288888:   cafebabecafebabe cafebabecafebabe
0x00007f932c288898:   cafebabecafebabe cafebabecafebabe
0x00007f932c2888a8:   cafebabecafebabe cafebabecafebabe
0x00007f932c2888b8:   cafebabecafebabe 0000000000000000
0x00007f932c2888c8:   031dbd02c26c8000 00007f9283400318
0x00007f932c2888d8:   00007f9283400318 00007f932c288920
0x00007f932c2888e8:   00007f9282526782 00007f932c2889b0
0x00007f932c2888f8:   00007f932c2889b8 00007f932c2889a0
0x00007f932c288908:   00007f932402a398 00007f932421a8d0
0x00007f932c288918:   00007f93242198e0 00007f932c288990
0x00007f932c288928:   00007f9313ed9ac0 00007f932c288990
0x00007f932c288938:   00007f9313ed97a5 00007f9313ed975f
0x00007f932c288948:   00007f932c288948 00007f9283400318
0x00007f932c288958:   0000000000000005 00007f92834004f0
0x00007f932c288968:   0000000000000000 000000011d013c00
0x00007f932c288978:   00007f9283400318 0000000000000000
0x00007f932c288988:   00007f932c2889b0 00007f932c288a08
0x00007f932c288998:   00007f9313ed5180 000000011d013c00
0x00007f932c2889a8:   00007f9313ed6fd7 000000011d014af0
0x00007f932c2889b8:   000000011d014ab8 00007f932c2889c0
0x00007f932c2889c8:   00007f9283400469 0000000000000002
0x00007f932c2889d8:   00007f92834004f0 0000000000000000
0x00007f932c2889e8:   000000011d013c00 00007f9283400478
0x00007f932c2889f8:   00007f932c2889b0 00007f932c288a18 

Instructions: (pc=0x00007f932b801461)
0x00007f932b801361:   fd 74 d1 48 83 c7 20 c5 dd 74 d9 c5 fd d7 ca c5
0x00007f932b801371:   fd d7 c3 09 c1 75 38 c5 fd 6f 0f c5 fd 74 d1 48
0x00007f932b801381:   83 c7 20 c5 dd 74 d9 c5 fd d7 ca c5 fd d7 c3 09
0x00007f932b801391:   c1 75 1c c5 fd 6f 0f c5 fd 74 d1 48 83 c7 20 c5
0x00007f932b8013a1:   dd 74 d9 c5 fd d7 ca c5 fd d7 c3 09 c1 74 90 85
0x00007f932b8013b1:   c0 75 1c 85 d2 0f 84 84 00 00 00 89 d0 48 89 f7
0x00007f932b8013c1:   0f bd c0 48 8d 44 07 e0 c5 f8 77 c3 0f 1f 00 c5
0x00007f932b8013d1:   fd d7 ca 85 c9 75 18 89 c2 48 89 fe e9 5e ff ff
0x00007f932b8013e1:   ff 0f 1f 40 00 66 2e 0f 1f 84 00 00 00 00 00 41
0x00007f932b8013f1:   89 c8 41 83 e8 01 41 31 c8 44 21 c0 85 c0 74 b3
0x00007f932b801401:   0f bd c0 48 8d 44 07 e0 c5 f8 77 c3 0f 1f 00 48
0x00007f932b801411:   01 cf 89 d1 41 89 c8 41 83 e8 01 41 31 c8 44 21
0x00007f932b801421:   c0 85 c0 74 1a 0f bd c0 48 8d 44 07 e0 c5 f8 77
0x00007f932b801431:   c3 0f 1f 40 00 66 2e 0f 1f 84 00 00 00 00 00 31
0x00007f932b801441:   c0 c5 f8 77 c3 66 2e 0f 1f 84 00 00 00 00 00 89
0x00007f932b801451:   f9 48 89 fa c5 f9 ef c0 83 e1 3f 83 f9 20 77 1f
0x00007f932b801461:   c5 fd 74 0f c5 fd d7 c1 85 c0 0f 85 df 00 00 00
0x00007f932b801471:   48 83 c7 20 83 e1 1f 48 83 e7 e0 eb 36 66 90 83
0x00007f932b801481:   e1 1f 48 83 e7 e0 c5 fd 74 0f c5 fd d7 c1 d3 f8
0x00007f932b801491:   85 c0 74 1b f3 0f bc c0 48 01 f8 48 01 c8 48 29
0x00007f932b8014a1:   d0 c5 f8 77 c3 66 2e 0f 1f 84 00 00 00 00 00 48
0x00007f932b8014b1:   83 c7 20 c5 fd 74 0f c5 fd d7 c1 85 c0 0f 85 8c
0x00007f932b8014c1:   00 00 00 c5 fd 74 4f 20 c5 fd d7 c1 85 c0 0f 85
0x00007f932b8014d1:   8b 00 00 00 c5 fd 74 4f 40 c5 fd d7 c1 85 c0 0f
0x00007f932b8014e1:   85 9a 00 00 00 c5 fd 74 4f 60 c5 fd d7 c1 85 c0
0x00007f932b8014f1:   0f 85 d7 00 00 00 48 81 c7 80 00 00 00 48 89 f9
0x00007f932b801501:   83 e1 7f 48 83 e7 80 0f 1f 84 00 00 00 00 00 c5
0x00007f932b801511:   fd 6f 0f c5 fd 6f 57 20 c5 fd 6f 5f 40 c5 fd 6f
0x00007f932b801521:   67 60 c5 ed da e9 c5 dd da f3 c5 cd da ed c5 fd
0x00007f932b801531:   74 ed c5 fd d7 c5 85 c0 75 65 48 81 c7 80 00 00
0x00007f932b801541:   00 eb cc 66 90 66 2e 0f 1f 84 00 00 00 00 00 f3
0x00007f932b801551:   0f bc c0 48 01 f8 48 29 d0 c5 f8 77 c3 66 90 f3 


Stack slot to memory mapping:

stack at sp + 0 slots: 0x00007f932b7a4a2b: __stpcpy_chk+0x000000000000001b in /lib/x86_64-linux-gnu/libc.so.6 at 0x00007f932b673000
stack at sp + 1 slots: 0x0 is null
stack at sp + 2 slots: 0x00007f93242198e0 points into unknown readable memory: 0x6e69682f6374652f | 2f 65 74 63 2f 68 69 6e
stack at sp + 3 slots: 0x00007f932c288840 is pointing into the stack for thread: 0x00007f9324029fe0
stack at sp + 4 slots: 0x0 is null
stack at sp + 5 slots: {method} {0x00007f9283400318} 'hindsightInit' '(Ljava/lang/String;Ljava/lang/String;)V' in 'A'
stack at sp + 6 slots: 0x00007f9282321254: hindsight_load_config+0x0000000000000044 in /home/jingyuan/hindsight/client/lib/libtracer.so at 0x00007f928231d000
stack at sp + 7 slots: 0x6e69682f6374652f is an unknown value


---------------  P R O C E S S  ---------------

Threads class SMR info:
_java_thread_list=0x00007f9324208690, length=10, elements={
0x00007f9324029fe0, 0x00007f93241e7b20, 0x00007f93241e91a0, 0x00007f93241ea920,
0x00007f93241ebf50, 0x00007f93241ed4e0, 0x00007f93241ef0b0, 0x00007f93241f07a0,
0x00007f93241fc600, 0x00007f9324207560
}

Java Threads: ( => current thread )
=>0x00007f9324029fe0 JavaThread "main"                              [_thread_in_native, id=40878, stack(0x00007f932c189000,0x00007f932c28a000) (1028K)]
  0x00007f93241e7b20 JavaThread "Reference Handler"          daemon [_thread_blocked, id=40886, stack(0x00007f92d406c000,0x00007f92d416d000) (1028K)]
  0x00007f93241e91a0 JavaThread "Finalizer"                  daemon [_thread_blocked, id=40887, stack(0x00007f9282eff000,0x00007f9283000000) (1028K)]
  0x00007f93241ea920 JavaThread "Signal Dispatcher"          daemon [_thread_blocked, id=40888, stack(0x00007f9282dfe000,0x00007f9282eff000) (1028K)]
  0x00007f93241ebf50 JavaThread "Service Thread"             daemon [_thread_blocked, id=40889, stack(0x00007f9282cfd000,0x00007f9282dfe000) (1028K)]
  0x00007f93241ed4e0 JavaThread "Monitor Deflation Thread"   daemon [_thread_blocked, id=40890, stack(0x00007f9282bfc000,0x00007f9282cfd000) (1028K)]
  0x00007f93241ef0b0 JavaThread "C2 CompilerThread0"         daemon [_thread_blocked, id=40891, stack(0x00007f9282afb000,0x00007f9282bfc000) (1028K)]
  0x00007f93241f07a0 JavaThread "C1 CompilerThread0"         daemon [_thread_blocked, id=40892, stack(0x00007f92829fa000,0x00007f9282afb000) (1028K)]
  0x00007f93241fc600 JavaThread "Notification Thread"        daemon [_thread_blocked, id=40893, stack(0x00007f92828f9000,0x00007f92829fa000) (1028K)]
  0x00007f9324207560 JavaThread "Common-Cleaner"             daemon [_thread_blocked, id=40894, stack(0x00007f9282728000,0x00007f9282829000) (1028K)]
Total: 10

Other Threads:
  0x00007f93241de6d0 VMThread "VM Thread"                           [id=40885, stack(0x00007f92d4309000,0x00007f92d4409000) (1024K)]
  0x00007f93241cacd0 WatcherThread "VM Periodic Task Thread"        [id=40884, stack(0x00007f92d440a000,0x00007f92d450a000) (1024K)]
  0x00007f932405d850 WorkerThread "GC Thread#0"                     [id=40879, stack(0x00007f92e5a66000,0x00007f92e5b66000) (1024K)]
  0x00007f932406dba0 ConcurrentGCThread "G1 Main Marker"            [id=40880, stack(0x00007f92e5965000,0x00007f92e5a65000) (1024K)]
  0x00007f932406ebb0 WorkerThread "G1 Conc#0"                       [id=40881, stack(0x00007f92e5864000,0x00007f92e5964000) (1024K)]
  0x00007f93241af610 ConcurrentGCThread "G1 Refine#0"               [id=40882, stack(0x00007f92d46e8000,0x00007f92d47e8000) (1024K)]
  0x00007f93241b05c0 ConcurrentGCThread "G1 Service"                [id=40883, stack(0x00007f92d45e7000,0x00007f92d46e7000) (1024K)]
Total: 7

Threads with active compile tasks:
Total: 0

VM state: not at safepoint (normal execution)

VM Mutex/Monitor currently owned by a thread: None

Heap address: 0x00000000a0000000, size: 30208 MB, Compressed Oops mode: Zero based, Oop shift amount: 3

CDS archive(s) mapped at: [0x00007f9287000000-0x00007f9287cab000-0x00007f9287cab000), size 13283328, SharedBaseAddress: 0x00007f9287000000, ArchiveRelocationMode: 1.
Compressed class space mapped at: 0x00007f9288000000-0x00007f92c8000000, reserved size: 1073741824
Narrow klass base: 0x00007f9287000000, Narrow klass shift: 0, Narrow klass range: 0x100000000

GC Precious Log:
 CardTable entry size: 512
 Card Set container configuration: InlinePtr #cards 3 size 8 Array Of Cards #cards 128 size 272 Howl #buckets 8 coarsen threshold 29491 Howl Bitmap #cards 4096 size 528 coarsen threshold 3686 Card regions per heap region 1 cards per card region 32768
 CPUs: 72 total, 72 available
 Memory: 125G
 Large Page Support: Disabled
 NUMA Support: Disabled
 Compressed Oops: Enabled (Zero based)
 Heap Region Size: 16M
 Heap Min Capacity: 16M
 Heap Initial Capacity: 2016M
 Heap Max Capacity: 30208M
 Pre-touch: Disabled
 Parallel Workers: 48
 Concurrent Workers: 12
 Concurrent Refinement Workers: 48
 Periodic GC: Disabled

Heap:
 garbage-first heap   total 2080768K, used 1078K [0x00000000a0000000, 0x0000000800000000)
  region size 16384K, 1 young (16384K), 0 survivors (0K)
 Metaspace       used 80K, committed 320K, reserved 1114112K
  class space    used 3K, committed 128K, reserved 1048576K

Heap Regions: E=young(eden), S=young(survivor), O=old, HS=humongous(starts), HC=humongous(continues), CS=collection set, F=free, TAMS=top-at-mark-start, PB=parsable bottom
|   0|0x00000000a0000000, 0x00000000a0000000, 0x00000000a1000000|  0%| F|  |TAMS 0x00000000a0000000| PB 0x00000000a0000000| Untracked 
|   1|0x00000000a1000000, 0x00000000a1000000, 0x00000000a2000000|  0%| F|  |TAMS 0x00000000a1000000| PB 0x00000000a1000000| Untracked 
|   2|0x00000000a2000000, 0x00000000a2000000, 0x00000000a3000000|  0%| F|  |TAMS 0x00000000a2000000| PB 0x00000000a2000000| Untracked 
|   3|0x00000000a3000000, 0x00000000a3000000, 0x00000000a4000000|  0%| F|  |TAMS 0x00000000a3000000| PB 0x00000000a3000000| Untracked 
|   4|0x00000000a4000000, 0x00000000a4000000, 0x00000000a5000000|  0%| F|  |TAMS 0x00000000a4000000| PB 0x00000000a4000000| Untracked 
|   5|0x00000000a5000000, 0x00000000a5000000, 0x00000000a6000000|  0%| F|  |TAMS 0x00000000a5000000| PB 0x00000000a5000000| Untracked 
|   6|0x00000000a6000000, 0x00000000a6000000, 0x00000000a7000000|  0%| F|  |TAMS 0x00000000a6000000| PB 0x00000000a6000000| Untracked 
|   7|0x00000000a7000000, 0x00000000a7000000, 0x00000000a8000000|  0%| F|  |TAMS 0x00000000a7000000| PB 0x00000000a7000000| Untracked 
|   8|0x00000000a8000000, 0x00000000a8000000, 0x00000000a9000000|  0%| F|  |TAMS 0x00000000a8000000| PB 0x00000000a8000000| Untracked 
|   9|0x00000000a9000000, 0x00000000a9000000, 0x00000000aa000000|  0%| F|  |TAMS 0x00000000a9000000| PB 0x00000000a9000000| Untracked 
|  10|0x00000000aa000000, 0x00000000aa000000, 0x00000000ab000000|  0%| F|  |TAMS 0x00000000aa000000| PB 0x00000000aa000000| Untracked 
|  11|0x00000000ab000000, 0x00000000ab000000, 0x00000000ac000000|  0%| F|  |TAMS 0x00000000ab000000| PB 0x00000000ab000000| Untracked 
|  12|0x00000000ac000000, 0x00000000ac000000, 0x00000000ad000000|  0%| F|  |TAMS 0x00000000ac000000| PB 0x00000000ac000000| Untracked 
|  13|0x00000000ad000000, 0x00000000ad000000, 0x00000000ae000000|  0%| F|  |TAMS 0x00000000ad000000| PB 0x00000000ad000000| Untracked 
|  14|0x00000000ae000000, 0x00000000ae000000, 0x00000000af000000|  0%| F|  |TAMS 0x00000000ae000000| PB 0x00000000ae000000| Untracked 
|  15|0x00000000af000000, 0x00000000af000000, 0x00000000b0000000|  0%| F|  |TAMS 0x00000000af000000| PB 0x00000000af000000| Untracked 
|  16|0x00000000b0000000, 0x00000000b0000000, 0x00000000b1000000|  0%| F|  |TAMS 0x00000000b0000000| PB 0x00000000b0000000| Untracked 
|  17|0x00000000b1000000, 0x00000000b1000000, 0x00000000b2000000|  0%| F|  |TAMS 0x00000000b1000000| PB 0x00000000b1000000| Untracked 
|  18|0x00000000b2000000, 0x00000000b2000000, 0x00000000b3000000|  0%| F|  |TAMS 0x00000000b2000000| PB 0x00000000b2000000| Untracked 
|  19|0x00000000b3000000, 0x00000000b3000000, 0x00000000b4000000|  0%| F|  |TAMS 0x00000000b3000000| PB 0x00000000b3000000| Untracked 
|  20|0x00000000b4000000, 0x00000000b4000000, 0x00000000b5000000|  0%| F|  |TAMS 0x00000000b4000000| PB 0x00000000b4000000| Untracked 
|  21|0x00000000b5000000, 0x00000000b5000000, 0x00000000b6000000|  0%| F|  |TAMS 0x00000000b5000000| PB 0x00000000b5000000| Untracked 
|  22|0x00000000b6000000, 0x00000000b6000000, 0x00000000b7000000|  0%| F|  |TAMS 0x00000000b6000000| PB 0x00000000b6000000| Untracked 
|  23|0x00000000b7000000, 0x00000000b7000000, 0x00000000b8000000|  0%| F|  |TAMS 0x00000000b7000000| PB 0x00000000b7000000| Untracked 
|  24|0x00000000b8000000, 0x00000000b8000000, 0x00000000b9000000|  0%| F|  |TAMS 0x00000000b8000000| PB 0x00000000b8000000| Untracked 
|  25|0x00000000b9000000, 0x00000000b9000000, 0x00000000ba000000|  0%| F|  |TAMS 0x00000000b9000000| PB 0x00000000b9000000| Untracked 
|  26|0x00000000ba000000, 0x00000000ba000000, 0x00000000bb000000|  0%| F|  |TAMS 0x00000000ba000000| PB 0x00000000ba000000| Untracked 
|  27|0x00000000bb000000, 0x00000000bb000000, 0x00000000bc000000|  0%| F|  |TAMS 0x00000000bb000000| PB 0x00000000bb000000| Untracked 
|  28|0x00000000bc000000, 0x00000000bc000000, 0x00000000bd000000|  0%| F|  |TAMS 0x00000000bc000000| PB 0x00000000bc000000| Untracked 
|  29|0x00000000bd000000, 0x00000000bd000000, 0x00000000be000000|  0%| F|  |TAMS 0x00000000bd000000| PB 0x00000000bd000000| Untracked 
|  30|0x00000000be000000, 0x00000000be000000, 0x00000000bf000000|  0%| F|  |TAMS 0x00000000be000000| PB 0x00000000be000000| Untracked 
|  31|0x00000000bf000000, 0x00000000bf000000, 0x00000000c0000000|  0%| F|  |TAMS 0x00000000bf000000| PB 0x00000000bf000000| Untracked 
|  32|0x00000000c0000000, 0x00000000c0000000, 0x00000000c1000000|  0%| F|  |TAMS 0x00000000c0000000| PB 0x00000000c0000000| Untracked 
|  33|0x00000000c1000000, 0x00000000c1000000, 0x00000000c2000000|  0%| F|  |TAMS 0x00000000c1000000| PB 0x00000000c1000000| Untracked 
|  34|0x00000000c2000000, 0x00000000c2000000, 0x00000000c3000000|  0%| F|  |TAMS 0x00000000c2000000| PB 0x00000000c2000000| Untracked 
|  35|0x00000000c3000000, 0x00000000c3000000, 0x00000000c4000000|  0%| F|  |TAMS 0x00000000c3000000| PB 0x00000000c3000000| Untracked 
|  36|0x00000000c4000000, 0x00000000c4000000, 0x00000000c5000000|  0%| F|  |TAMS 0x00000000c4000000| PB 0x00000000c4000000| Untracked 
|  37|0x00000000c5000000, 0x00000000c5000000, 0x00000000c6000000|  0%| F|  |TAMS 0x00000000c5000000| PB 0x00000000c5000000| Untracked 
|  38|0x00000000c6000000, 0x00000000c6000000, 0x00000000c7000000|  0%| F|  |TAMS 0x00000000c6000000| PB 0x00000000c6000000| Untracked 
|  39|0x00000000c7000000, 0x00000000c7000000, 0x00000000c8000000|  0%| F|  |TAMS 0x00000000c7000000| PB 0x00000000c7000000| Untracked 
|  40|0x00000000c8000000, 0x00000000c8000000, 0x00000000c9000000|  0%| F|  |TAMS 0x00000000c8000000| PB 0x00000000c8000000| Untracked 
|  41|0x00000000c9000000, 0x00000000c9000000, 0x00000000ca000000|  0%| F|  |TAMS 0x00000000c9000000| PB 0x00000000c9000000| Untracked 
|  42|0x00000000ca000000, 0x00000000ca000000, 0x00000000cb000000|  0%| F|  |TAMS 0x00000000ca000000| PB 0x00000000ca000000| Untracked 
|  43|0x00000000cb000000, 0x00000000cb000000, 0x00000000cc000000|  0%| F|  |TAMS 0x00000000cb000000| PB 0x00000000cb000000| Untracked 
|  44|0x00000000cc000000, 0x00000000cc000000, 0x00000000cd000000|  0%| F|  |TAMS 0x00000000cc000000| PB 0x00000000cc000000| Untracked 
|  45|0x00000000cd000000, 0x00000000cd000000, 0x00000000ce000000|  0%| F|  |TAMS 0x00000000cd000000| PB 0x00000000cd000000| Untracked 
|  46|0x00000000ce000000, 0x00000000ce000000, 0x00000000cf000000|  0%| F|  |TAMS 0x00000000ce000000| PB 0x00000000ce000000| Untracked 
|  47|0x00000000cf000000, 0x00000000cf000000, 0x00000000d0000000|  0%| F|  |TAMS 0x00000000cf000000| PB 0x00000000cf000000| Untracked 
|  48|0x00000000d0000000, 0x00000000d0000000, 0x00000000d1000000|  0%| F|  |TAMS 0x00000000d0000000| PB 0x00000000d0000000| Untracked 
|  49|0x00000000d1000000, 0x00000000d1000000, 0x00000000d2000000|  0%| F|  |TAMS 0x00000000d1000000| PB 0x00000000d1000000| Untracked 
|  50|0x00000000d2000000, 0x00000000d2000000, 0x00000000d3000000|  0%| F|  |TAMS 0x00000000d2000000| PB 0x00000000d2000000| Untracked 
|  51|0x00000000d3000000, 0x00000000d3000000, 0x00000000d4000000|  0%| F|  |TAMS 0x00000000d3000000| PB 0x00000000d3000000| Untracked 
|  52|0x00000000d4000000, 0x00000000d4000000, 0x00000000d5000000|  0%| F|  |TAMS 0x00000000d4000000| PB 0x00000000d4000000| Untracked 
|  53|0x00000000d5000000, 0x00000000d5000000, 0x00000000d6000000|  0%| F|  |TAMS 0x00000000d5000000| PB 0x00000000d5000000| Untracked 
|  54|0x00000000d6000000, 0x00000000d6000000, 0x00000000d7000000|  0%| F|  |TAMS 0x00000000d6000000| PB 0x00000000d6000000| Untracked 
|  55|0x00000000d7000000, 0x00000000d7000000, 0x00000000d8000000|  0%| F|  |TAMS 0x00000000d7000000| PB 0x00000000d7000000| Untracked 
|  56|0x00000000d8000000, 0x00000000d8000000, 0x00000000d9000000|  0%| F|  |TAMS 0x00000000d8000000| PB 0x00000000d8000000| Untracked 
|  57|0x00000000d9000000, 0x00000000d9000000, 0x00000000da000000|  0%| F|  |TAMS 0x00000000d9000000| PB 0x00000000d9000000| Untracked 
|  58|0x00000000da000000, 0x00000000da000000, 0x00000000db000000|  0%| F|  |TAMS 0x00000000da000000| PB 0x00000000da000000| Untracked 
|  59|0x00000000db000000, 0x00000000db000000, 0x00000000dc000000|  0%| F|  |TAMS 0x00000000db000000| PB 0x00000000db000000| Untracked 
|  60|0x00000000dc000000, 0x00000000dc000000, 0x00000000dd000000|  0%| F|  |TAMS 0x00000000dc000000| PB 0x00000000dc000000| Untracked 
|  61|0x00000000dd000000, 0x00000000dd000000, 0x00000000de000000|  0%| F|  |TAMS 0x00000000dd000000| PB 0x00000000dd000000| Untracked 
|  62|0x00000000de000000, 0x00000000de000000, 0x00000000df000000|  0%| F|  |TAMS 0x00000000de000000| PB 0x00000000de000000| Untracked 
|  63|0x00000000df000000, 0x00000000df000000, 0x00000000e0000000|  0%| F|  |TAMS 0x00000000df000000| PB 0x00000000df000000| Untracked 
|  64|0x00000000e0000000, 0x00000000e0000000, 0x00000000e1000000|  0%| F|  |TAMS 0x00000000e0000000| PB 0x00000000e0000000| Untracked 
|  65|0x00000000e1000000, 0x00000000e1000000, 0x00000000e2000000|  0%| F|  |TAMS 0x00000000e1000000| PB 0x00000000e1000000| Untracked 
|  66|0x00000000e2000000, 0x00000000e2000000, 0x00000000e3000000|  0%| F|  |TAMS 0x00000000e2000000| PB 0x00000000e2000000| Untracked 
|  67|0x00000000e3000000, 0x00000000e3000000, 0x00000000e4000000|  0%| F|  |TAMS 0x00000000e3000000| PB 0x00000000e3000000| Untracked 
|  68|0x00000000e4000000, 0x00000000e4000000, 0x00000000e5000000|  0%| F|  |TAMS 0x00000000e4000000| PB 0x00000000e4000000| Untracked 
|  69|0x00000000e5000000, 0x00000000e5000000, 0x00000000e6000000|  0%| F|  |TAMS 0x00000000e5000000| PB 0x00000000e5000000| Untracked 
|  70|0x00000000e6000000, 0x00000000e6000000, 0x00000000e7000000|  0%| F|  |TAMS 0x00000000e6000000| PB 0x00000000e6000000| Untracked 
|  71|0x00000000e7000000, 0x00000000e7000000, 0x00000000e8000000|  0%| F|  |TAMS 0x00000000e7000000| PB 0x00000000e7000000| Untracked 
|  72|0x00000000e8000000, 0x00000000e8000000, 0x00000000e9000000|  0%| F|  |TAMS 0x00000000e8000000| PB 0x00000000e8000000| Untracked 
|  73|0x00000000e9000000, 0x00000000e9000000, 0x00000000ea000000|  0%| F|  |TAMS 0x00000000e9000000| PB 0x00000000e9000000| Untracked 
|  74|0x00000000ea000000, 0x00000000ea000000, 0x00000000eb000000|  0%| F|  |TAMS 0x00000000ea000000| PB 0x00000000ea000000| Untracked 
|  75|0x00000000eb000000, 0x00000000eb000000, 0x00000000ec000000|  0%| F|  |TAMS 0x00000000eb000000| PB 0x00000000eb000000| Untracked 
|  76|0x00000000ec000000, 0x00000000ec000000, 0x00000000ed000000|  0%| F|  |TAMS 0x00000000ec000000| PB 0x00000000ec000000| Untracked 
|  77|0x00000000ed000000, 0x00000000ed000000, 0x00000000ee000000|  0%| F|  |TAMS 0x00000000ed000000| PB 0x00000000ed000000| Untracked 
|  78|0x00000000ee000000, 0x00000000ee000000, 0x00000000ef000000|  0%| F|  |TAMS 0x00000000ee000000| PB 0x00000000ee000000| Untracked 
|  79|0x00000000ef000000, 0x00000000ef000000, 0x00000000f0000000|  0%| F|  |TAMS 0x00000000ef000000| PB 0x00000000ef000000| Untracked 
|  80|0x00000000f0000000, 0x00000000f0000000, 0x00000000f1000000|  0%| F|  |TAMS 0x00000000f0000000| PB 0x00000000f0000000| Untracked 
|  81|0x00000000f1000000, 0x00000000f1000000, 0x00000000f2000000|  0%| F|  |TAMS 0x00000000f1000000| PB 0x00000000f1000000| Untracked 
|  82|0x00000000f2000000, 0x00000000f2000000, 0x00000000f3000000|  0%| F|  |TAMS 0x00000000f2000000| PB 0x00000000f2000000| Untracked 
|  83|0x00000000f3000000, 0x00000000f3000000, 0x00000000f4000000|  0%| F|  |TAMS 0x00000000f3000000| PB 0x00000000f3000000| Untracked 
|  84|0x00000000f4000000, 0x00000000f4000000, 0x00000000f5000000|  0%| F|  |TAMS 0x00000000f4000000| PB 0x00000000f4000000| Untracked 
|  85|0x00000000f5000000, 0x00000000f5000000, 0x00000000f6000000|  0%| F|  |TAMS 0x00000000f5000000| PB 0x00000000f5000000| Untracked 
|  86|0x00000000f6000000, 0x00000000f6000000, 0x00000000f7000000|  0%| F|  |TAMS 0x00000000f6000000| PB 0x00000000f6000000| Untracked 
|  87|0x00000000f7000000, 0x00000000f7000000, 0x00000000f8000000|  0%| F|  |TAMS 0x00000000f7000000| PB 0x00000000f7000000| Untracked 
|  88|0x00000000f8000000, 0x00000000f8000000, 0x00000000f9000000|  0%| F|  |TAMS 0x00000000f8000000| PB 0x00000000f8000000| Untracked 
|  89|0x00000000f9000000, 0x00000000f9000000, 0x00000000fa000000|  0%| F|  |TAMS 0x00000000f9000000| PB 0x00000000f9000000| Untracked 
|  90|0x00000000fa000000, 0x00000000fa000000, 0x00000000fb000000|  0%| F|  |TAMS 0x00000000fa000000| PB 0x00000000fa000000| Untracked 
|  91|0x00000000fb000000, 0x00000000fb000000, 0x00000000fc000000|  0%| F|  |TAMS 0x00000000fb000000| PB 0x00000000fb000000| Untracked 
|  92|0x00000000fc000000, 0x00000000fc000000, 0x00000000fd000000|  0%| F|  |TAMS 0x00000000fc000000| PB 0x00000000fc000000| Untracked 
|  93|0x00000000fd000000, 0x00000000fd000000, 0x00000000fe000000|  0%| F|  |TAMS 0x00000000fd000000| PB 0x00000000fd000000| Untracked 
|  94|0x00000000fe000000, 0x00000000fe000000, 0x00000000ff000000|  0%| F|  |TAMS 0x00000000fe000000| PB 0x00000000fe000000| Untracked 
|  95|0x00000000ff000000, 0x00000000ff000000, 0x0000000100000000|  0%| F|  |TAMS 0x00000000ff000000| PB 0x00000000ff000000| Untracked 
|  96|0x0000000100000000, 0x0000000100000000, 0x0000000101000000|  0%| F|  |TAMS 0x0000000100000000| PB 0x0000000100000000| Untracked 
|  97|0x0000000101000000, 0x0000000101000000, 0x0000000102000000|  0%| F|  |TAMS 0x0000000101000000| PB 0x0000000101000000| Untracked 
|  98|0x0000000102000000, 0x0000000102000000, 0x0000000103000000|  0%| F|  |TAMS 0x0000000102000000| PB 0x0000000102000000| Untracked 
|  99|0x0000000103000000, 0x0000000103000000, 0x0000000104000000|  0%| F|  |TAMS 0x0000000103000000| PB 0x0000000103000000| Untracked 
| 100|0x0000000104000000, 0x0000000104000000, 0x0000000105000000|  0%| F|  |TAMS 0x0000000104000000| PB 0x0000000104000000| Untracked 
| 101|0x0000000105000000, 0x0000000105000000, 0x0000000106000000|  0%| F|  |TAMS 0x0000000105000000| PB 0x0000000105000000| Untracked 
| 102|0x0000000106000000, 0x0000000106000000, 0x0000000107000000|  0%| F|  |TAMS 0x0000000106000000| PB 0x0000000106000000| Untracked 
| 103|0x0000000107000000, 0x0000000107000000, 0x0000000108000000|  0%| F|  |TAMS 0x0000000107000000| PB 0x0000000107000000| Untracked 
| 104|0x0000000108000000, 0x0000000108000000, 0x0000000109000000|  0%| F|  |TAMS 0x0000000108000000| PB 0x0000000108000000| Untracked 
| 105|0x0000000109000000, 0x0000000109000000, 0x000000010a000000|  0%| F|  |TAMS 0x0000000109000000| PB 0x0000000109000000| Untracked 
| 106|0x000000010a000000, 0x000000010a000000, 0x000000010b000000|  0%| F|  |TAMS 0x000000010a000000| PB 0x000000010a000000| Untracked 
| 107|0x000000010b000000, 0x000000010b000000, 0x000000010c000000|  0%| F|  |TAMS 0x000000010b000000| PB 0x000000010b000000| Untracked 
| 108|0x000000010c000000, 0x000000010c000000, 0x000000010d000000|  0%| F|  |TAMS 0x000000010c000000| PB 0x000000010c000000| Untracked 
| 109|0x000000010d000000, 0x000000010d000000, 0x000000010e000000|  0%| F|  |TAMS 0x000000010d000000| PB 0x000000010d000000| Untracked 
| 110|0x000000010e000000, 0x000000010e000000, 0x000000010f000000|  0%| F|  |TAMS 0x000000010e000000| PB 0x000000010e000000| Untracked 
| 111|0x000000010f000000, 0x000000010f000000, 0x0000000110000000|  0%| F|  |TAMS 0x000000010f000000| PB 0x000000010f000000| Untracked 
| 112|0x0000000110000000, 0x0000000110000000, 0x0000000111000000|  0%| F|  |TAMS 0x0000000110000000| PB 0x0000000110000000| Untracked 
| 113|0x0000000111000000, 0x0000000111000000, 0x0000000112000000|  0%| F|  |TAMS 0x0000000111000000| PB 0x0000000111000000| Untracked 
| 114|0x0000000112000000, 0x0000000112000000, 0x0000000113000000|  0%| F|  |TAMS 0x0000000112000000| PB 0x0000000112000000| Untracked 
| 115|0x0000000113000000, 0x0000000113000000, 0x0000000114000000|  0%| F|  |TAMS 0x0000000113000000| PB 0x0000000113000000| Untracked 
| 116|0x0000000114000000, 0x0000000114000000, 0x0000000115000000|  0%| F|  |TAMS 0x0000000114000000| PB 0x0000000114000000| Untracked 
| 117|0x0000000115000000, 0x0000000115000000, 0x0000000116000000|  0%| F|  |TAMS 0x0000000115000000| PB 0x0000000115000000| Untracked 
| 118|0x0000000116000000, 0x0000000116000000, 0x0000000117000000|  0%| F|  |TAMS 0x0000000116000000| PB 0x0000000116000000| Untracked 
| 119|0x0000000117000000, 0x0000000117000000, 0x0000000118000000|  0%| F|  |TAMS 0x0000000117000000| PB 0x0000000117000000| Untracked 
| 120|0x0000000118000000, 0x0000000118000000, 0x0000000119000000|  0%| F|  |TAMS 0x0000000118000000| PB 0x0000000118000000| Untracked 
| 121|0x0000000119000000, 0x0000000119000000, 0x000000011a000000|  0%| F|  |TAMS 0x0000000119000000| PB 0x0000000119000000| Untracked 
| 122|0x000000011a000000, 0x000000011a000000, 0x000000011b000000|  0%| F|  |TAMS 0x000000011a000000| PB 0x000000011a000000| Untracked 
| 123|0x000000011b000000, 0x000000011b000000, 0x000000011c000000|  0%| F|  |TAMS 0x000000011b000000| PB 0x000000011b000000| Untracked 
| 124|0x000000011c000000, 0x000000011c000000, 0x000000011d000000|  0%| F|  |TAMS 0x000000011c000000| PB 0x000000011c000000| Untracked 
| 125|0x000000011d000000, 0x000000011d7ae180, 0x000000011e000000| 48%| E|  |TAMS 0x000000011d000000| PB 0x000000011d000000| Complete 
|1887|0x00000007ff000000, 0x00000007ff10d908, 0x0000000800000000|  6%| O|  |TAMS 0x00000007ff000000| PB 0x00000007ff000000| Untracked 

Card table byte_map: [0x00007f93035f3000,0x00007f93070f3000] _byte_map_base: 0x00007f93030f3000

Marking Bits: (CMBitMap*) 0x00007f932405e370
 Bits: [0x00007f92e5df3000, 0x00007f93035f3000)

Polling page: 0x00007f932c2a7000

Metaspace:

Usage:
  Non-class:     77.16 KB used.
      Class:      3.70 KB used.
       Both:     80.86 KB used.

Virtual space:
  Non-class space:       64.00 MB reserved,     192.00 KB ( <1%) committed,  1 nodes.
      Class space:        1.00 GB reserved,     128.00 KB ( <1%) committed,  1 nodes.
             Both:        1.06 GB reserved,     320.00 KB ( <1%) committed. 

Chunk freelists:
   Non-Class:  12.00 MB
       Class:  15.75 MB
        Both:  27.74 MB

MaxMetaspaceSize: unlimited
CompressedClassSpaceSize: 1.00 GB
Initial GC threshold: 21.00 MB
Current GC threshold: 21.00 MB
CDS: on
 - commit_granule_bytes: 65536.
 - commit_granule_words: 8192.
 - virtual_space_node_default_size: 8388608.
 - enlarge_chunks_in_place: 1.
 - use_allocation_guard: 0.


Internal statistics:

num_allocs_failed_limit: 0.
num_arena_births: 4.
num_arena_deaths: 0.
num_vsnodes_births: 2.
num_vsnodes_deaths: 0.
num_space_committed: 5.
num_space_uncommitted: 0.
num_chunks_returned_to_freelist: 0.
num_chunks_taken_from_freelist: 5.
num_chunk_merges: 0.
num_chunk_splits: 3.
num_chunks_enlarged: 0.
num_inconsistent_stats: 0.

CodeHeap 'non-profiled nmethods': size=118592Kb used=1Kb max_used=1Kb free=118590Kb
 bounds [0x00007f931472e000, 0x00007f931499e000, 0x00007f931bafe000]
CodeHeap 'profiled nmethods': size=118588Kb used=4Kb max_used=4Kb free=118583Kb
 bounds [0x00007f930cafe000, 0x00007f930cd6e000, 0x00007f9313ecd000]
CodeHeap 'non-nmethods': size=8580Kb used=1218Kb max_used=1231Kb free=7361Kb
 bounds [0x00007f9313ecd000, 0x00007f931413d000, 0x00007f931472e000]
 total_blobs=304 nmethods=5 adapters=206
 compilation: enabled
              stopped_count=0, restarted_count=0
 full_count=0

Compilation events (7 events):
Event: 0.071 Thread 0x00007f93241f07a0    1       3       java.lang.Object::<init> (1 bytes)
Event: 0.071 Thread 0x00007f93241f07a0 nmethod 1 0x00007f930cafe010 code [0x00007f930cafe1a0, 0x00007f930cafe2a0]
Event: 0.072 Thread 0x00007f93241f07a0    2       3       java.lang.String::coder (15 bytes)
Event: 0.073 Thread 0x00007f93241f07a0 nmethod 2 0x00007f930cafe310 code [0x00007f930cafe4a0, 0x00007f930cafe5d0]
Event: 0.074 Thread 0x00007f93241f07a0    3       3       java.lang.String::length (11 bytes)
Event: 0.074 Thread 0x00007f93241f07a0 nmethod 3 0x00007f930cafe690 code [0x00007f930cafe840, 0x00007f930cafe9e0]
Event: 0.075 Thread 0x00007f93241f07a0    5       3       java.lang.String::hashCode (60 bytes)

GC Heap History (0 events):
No events

Dll operation events (3 events):
Event: 0.004 Loaded shared library /usr/lib/jvm/jdk-21.0.7-oracle-x64/lib/libjava.so
Event: 0.073 Loaded shared library /usr/lib/jvm/jdk-21.0.7-oracle-x64/lib/libjsvml.so
Event: 0.076 Loaded shared library /home/jingyuan/hindsight/java/libHS.so

Deoptimization events (0 events):
No events

Classes loaded (6 events):
Event: 0.065 Loading class sun/nio/cs/UTF_8$Encoder
Event: 0.065 Loading class sun/nio/cs/UTF_8$Encoder done
Event: 0.072 Loading class jdk/internal/loader/URLClassPath$FileLoader
Event: 0.072 Loading class jdk/internal/loader/URLClassPath$FileLoader done
Event: 0.073 Loading class jdk/internal/loader/URLClassPath$FileLoader$1
Event: 0.073 Loading class jdk/internal/loader/URLClassPath$FileLoader$1 done

Classes unloaded (0 events):
No events

Classes redefined (0 events):
No events

Internal exceptions (0 events):
No events

ZGC Phase Switch (0 events):
No events

VM Operations (0 events):
No events

Events (20 events):
Event: 0.003 Protecting memory [0x00007f932c189000,0x00007f932c18d000] with protection modes 0
Event: 0.054 Thread 0x00007f9324029fe0 Thread added: 0x00007f9324029fe0
Event: 0.067 Thread 0x00007f93241e7b20 Thread added: 0x00007f93241e7b20
Event: 0.067 Protecting memory [0x00007f92d406c000,0x00007f92d4070000] with protection modes 0
Event: 0.067 Thread 0x00007f93241e91a0 Thread added: 0x00007f93241e91a0
Event: 0.067 Protecting memory [0x00007f9282eff000,0x00007f9282f03000] with protection modes 0
Event: 0.067 Thread 0x00007f93241ea920 Thread added: 0x00007f93241ea920
Event: 0.067 Protecting memory [0x00007f9282dfe000,0x00007f9282e02000] with protection modes 0
Event: 0.068 Thread 0x00007f93241ebf50 Thread added: 0x00007f93241ebf50
Event: 0.068 Protecting memory [0x00007f9282cfd000,0x00007f9282d01000] with protection modes 0
Event: 0.068 Thread 0x00007f93241ed4e0 Thread added: 0x00007f93241ed4e0
Event: 0.068 Protecting memory [0x00007f9282bfc000,0x00007f9282c00000] with protection modes 0
Event: 0.068 Thread 0x00007f93241ef0b0 Thread added: 0x00007f93241ef0b0
Event: 0.068 Protecting memory [0x00007f9282afb000,0x00007f9282aff000] with protection modes 0
Event: 0.068 Thread 0x00007f93241f07a0 Thread added: 0x00007f93241f07a0
Event: 0.068 Protecting memory [0x00007f92829fa000,0x00007f92829fe000] with protection modes 0
Event: 0.072 Thread 0x00007f93241fc600 Thread added: 0x00007f93241fc600
Event: 0.072 Protecting memory [0x00007f92828f9000,0x00007f92828fd000] with protection modes 0
Event: 0.073 Thread 0x00007f9324207560 Thread added: 0x00007f9324207560
Event: 0.073 Protecting memory [0x00007f9282728000,0x00007f928272c000] with protection modes 0


Dynamic libraries:
a0000000-11e000000 rw-p 00000000 00:00 0 
11e000000-7ff000000 ---p 00000000 00:00 0 
7ff000000-7ff10e000 rw-p 00ceb000 08:02 12463984                         /usr/lib/jvm/jdk-21.0.7-oracle-x64/lib/server/classes.jsa
7ff10e000-800000000 rw-p 00000000 00:00 0 
55dfdc191000-55dfdc192000 r-xp 00000000 08:02 12463777                   /usr/lib/jvm/jdk-21.0.7-oracle-x64/bin/java
55dfdc193000-55dfdc194000 r--p 00001000 08:02 12463777                   /usr/lib/jvm/jdk-21.0.7-oracle-x64/bin/java
55dfdc194000-55dfdc195000 rw-p 00002000 08:02 12463777                   /usr/lib/jvm/jdk-21.0.7-oracle-x64/bin/java
55dfdd0a6000-55dfdd0ec000 rw-p 00000000 00:00 0                          [heap]
7f9254000000-7f9254021000 rw-p 00000000 00:00 0 
7f9254021000-7f9258000000 ---p 00000000 00:00 0 
7f925c000000-7f925c02d000 rw-p 00000000 00:00 0 
7f925c02d000-7f9260000000 ---p 00000000 00:00 0 
7f9260000000-7f9260021000 rw-p 00000000 00:00 0 
7f9260021000-7f9264000000 ---p 00000000 00:00 0 
7f9264000000-7f9264021000 rw-p 00000000 00:00 0 
7f9264021000-7f9268000000 ---p 00000000 00:00 0 
7f9268000000-7f9268047000 rw-p 00000000 00:00 0 
7f9268047000-7f926c000000 ---p 00000000 00:00 0 
7f926c000000-7f926c021000 rw-p 00000000 00:00 0 
7f926c021000-7f9270000000 ---p 00000000 00:00 0 
7f9270000000-7f9270021000 rw-p 00000000 00:00 0 
7f9270021000-7f9274000000 ---p 00000000 00:00 0 
7f9274000000-7f9274021000 rw-p 00000000 00:00 0 
7f9274021000-7f9278000000 ---p 00000000 00:00 0 
7f9278000000-7f9278021000 rw-p 00000000 00:00 0 
7f9278021000-7f927c000000 ---p 00000000 00:00 0 
7f927c000000-7f927c021000 rw-p 00000000 00:00 0 
7f927c021000-7f9280000000 ---p 00000000 00:00 0 
7f928231d000-7f9282324000 r-xp 00000000 08:02 15673336                   /home/jingyuan/hindsight/client/lib/libtracer.so
7f9282324000-7f9282524000 ---p 00007000 08:02 15673336                   /home/jingyuan/hindsight/client/lib/libtracer.so
7f9282524000-7f9282525000 r--p 00007000 08:02 15673336                   /home/jingyuan/hindsight/client/lib/libtracer.so
7f9282525000-7f9282526000 rw-p 00008000 08:02 15673336                   /home/jingyuan/hindsight/client/lib/libtracer.so
7f9282526000-7f9282527000 r-xp 00000000 08:02 15746898                   /home/jingyuan/hindsight/java/libHS.so
7f9282527000-7f9282726000 ---p 00001000 08:02 15746898                   /home/jingyuan/hindsight/java/libHS.so
7f9282726000-7f9282727000 r--p 00000000 08:02 15746898                   /home/jingyuan/hindsight/java/libHS.so
7f9282727000-7f9282728000 rw-p 00001000 08:02 15746898                   /home/jingyuan/hindsight/java/libHS.so
7f9282728000-7f928272c000 ---p 00000000 00:00 0 
7f928272c000-7f9282829000 rw-p 00000000 00:00 0 
7f9282829000-7f92828f7000 r-xp 00000000 08:02 12463960                   /usr/lib/jvm/jdk-21.0.7-oracle-x64/lib/libjsvml.so
7f92828f7000-7f92828f8000 r--p 000cd000 08:02 12463960                   /usr/lib/jvm/jdk-21.0.7-oracle-x64/lib/libjsvml.so
7f92828f8000-7f92828f9000 rw-p 000ce000 08:02 12463960                   /usr/lib/jvm/jdk-21.0.7-oracle-x64/lib/libjsvml.so
7f92828f9000-7f92828fd000 ---p 00000000 00:00 0 
7f92828fd000-7f92829fa000 rw-p 00000000 00:00 0 
7f92829fa000-7f92829fe000 ---p 00000000 00:00 0 
7f92829fe000-7f9282afb000 rw-p 00000000 00:00 0 
7f9282afb000-7f9282aff000 ---p 00000000 00:00 0 
7f9282aff000-7f9282bfc000 rw-p 00000000 00:00 0 
7f9282bfc000-7f9282c00000 ---p 00000000 00:00 0 
7f9282c00000-7f9282cfd000 rw-p 00000000 00:00 0 
7f9282cfd000-7f9282d01000 ---p 00000000 00:00 0 
7f9282d01000-7f9282dfe000 rw-p 00000000 00:00 0 
7f9282dfe000-7f9282e02000 ---p 00000000 00:00 0 
7f9282e02000-7f9282eff000 rw-p 00000000 00:00 0 
7f9282eff000-7f9282f03000 ---p 00000000 00:00 0 
7f9282f03000-7f9283020000 rw-p 00000000 00:00 0 
7f9283020000-7f9283400000 ---p 00000000 00:00 0 
7f9283400000-7f9283410000 rw-p 00000000 00:00 0 
7f9283410000-7f9287000000 ---p 00000000 00:00 0 
7f9287000000-7f9287cab000 rw-p 00001000 08:02 12463984                   /usr/lib/jvm/jdk-21.0.7-oracle-x64/lib/server/classes.jsa
7f9287cab000-7f9288000000 ---p 00000000 00:00 0 
7f9288000000-7f9288010000 rw-p 00000000 00:00 0 
7f9288010000-7f9288040000 ---p 00000000 00:00 0 
7f9288040000-7f9288050000 rw-p 00000000 00:00 0 
7f9288050000-7f92c8000000 ---p 00000000 00:00 0 
7f92c8000000-7f92c8021000 rw-p 00000000 00:00 0 
7f92c8021000-7f92cc000000 ---p 00000000 00:00 0 
7f92cc000000-7f92cc021000 rw-p 00000000 00:00 0 
7f92cc021000-7f92d0000000 ---p 00000000 00:00 0 
7f92d0000000-7f92d0021000 rw-p 00000000 00:00 0 
7f92d0021000-7f92d4000000 ---p 00000000 00:00 0 
7f92d406c000-7f92d4070000 ---p 00000000 00:00 0 
7f92d4070000-7f92d416d000 rw-p 00000000 00:00 0 
7f92d416d000-7f92d4308000 r--p 00000000 08:02 10229666                   /usr/lib/locale/locale-archive
7f92d4308000-7f92d4309000 ---p 00000000 00:00 0 
7f92d4309000-7f92d4409000 rw-p 00000000 00:00 0 
7f92d4409000-7f92d440a000 ---p 00000000 00:00 0 
7f92d440a000-7f92d45e6000 rw-p 00000000 00:00 0 
7f92d45e6000-7f92d45e7000 ---p 00000000 00:00 0 
7f92d45e7000-7f92d46e7000 rw-p 00000000 00:00 0 
7f92d46e7000-7f92d46e8000 ---p 00000000 00:00 0 
7f92d46e8000-7f92d8000000 rw-p 00000000 00:00 0 
7f92d8000000-7f92d8021000 rw-p 00000000 00:00 0 
7f92d8021000-7f92dc000000 ---p 00000000 00:00 0 
7f92dc000000-7f92dc021000 rw-p 00000000 00:00 0 
7f92dc021000-7f92e0000000 ---p 00000000 00:00 0 
7f92e0000000-7f92e0021000 rw-p 00000000 00:00 0 
7f92e0021000-7f92e4000000 ---p 00000000 00:00 0 
7f92e400a000-7f92e5863000 rw-p 00000000 00:00 0 
7f92e5863000-7f92e5864000 ---p 00000000 00:00 0 
7f92e5864000-7f92e5964000 rw-p 00000000 00:00 0 
7f92e5964000-7f92e5965000 ---p 00000000 00:00 0 
7f92e5965000-7f92e5a65000 rw-p 00000000 00:00 0 
7f92e5a65000-7f92e5a66000 ---p 00000000 00:00 0 
7f92e5a66000-7f92e7d73000 rw-p 00000000 00:00 0 
7f92e7d73000-7f93035b3000 ---p 00000000 00:00 0 
7f93035b3000-7f93039e3000 rw-p 00000000 00:00 0 
7f93039e3000-7f93070eb000 ---p 00000000 00:00 0 
7f93070eb000-7f93074e3000 rw-p 00000000 00:00 0 
7f93074e3000-7f930abeb000 ---p 00000000 00:00 0 
7f930abeb000-7f930cafe000 rw-p 00000000 00:00 0 
7f930cafe000-7f930cd6e000 rwxp 00000000 00:00 0 
7f930cd6e000-7f9313ecd000 ---p 00000000 00:00 0 
7f9313ecd000-7f931413d000 rwxp 00000000 00:00 0 
7f931413d000-7f931472e000 ---p 00000000 00:00 0 
7f931472e000-7f931499e000 rwxp 00000000 00:00 0 
7f931499e000-7f931bafe000 ---p 00000000 00:00 0 
7f931bafe000-7f9324000000 r--s 00000000 08:02 12463977                   /usr/lib/jvm/jdk-21.0.7-oracle-x64/lib/modules
7f9324000000-7f9324232000 rw-p 00000000 00:00 0 
7f9324232000-7f9328000000 ---p 00000000 00:00 0 
7f9328029000-7f9329240000 rw-p 00000000 00:00 0 
7f9329240000-7f9329323000 ---p 00000000 00:00 0 
7f9329323000-7f9329328000 rw-p 00000000 00:00 0 
7f9329328000-7f932940b000 ---p 00000000 00:00 0 
7f932940b000-7f9329416000 r-xp 00000000 08:02 3932734                    /lib/x86_64-linux-gnu/libnss_files-2.27.so
7f9329416000-7f9329615000 ---p 0000b000 08:02 3932734                    /lib/x86_64-linux-gnu/libnss_files-2.27.so
7f9329615000-7f9329616000 r--p 0000a000 08:02 3932734                    /lib/x86_64-linux-gnu/libnss_files-2.27.so
7f9329616000-7f9329617000 rw-p 0000b000 08:02 3932734                    /lib/x86_64-linux-gnu/libnss_files-2.27.so
7f9329617000-7f932961d000 rw-p 00000000 00:00 0 
7f932961d000-7f9329634000 r-xp 00000000 08:02 3932654                    /lib/x86_64-linux-gnu/libnsl-2.27.so
7f9329634000-7f9329833000 ---p 00017000 08:02 3932654                    /lib/x86_64-linux-gnu/libnsl-2.27.so
7f9329833000-7f9329834000 r--p 00016000 08:02 3932654                    /lib/x86_64-linux-gnu/libnsl-2.27.so
7f9329834000-7f9329835000 rw-p 00017000 08:02 3932654                    /lib/x86_64-linux-gnu/libnsl-2.27.so
7f9329835000-7f9329837000 rw-p 00000000 00:00 0 
7f9329837000-7f9329842000 r-xp 00000000 08:02 3932885                    /lib/x86_64-linux-gnu/libnss_nis-2.27.so
7f9329842000-7f9329a41000 ---p 0000b000 08:02 3932885                    /lib/x86_64-linux-gnu/libnss_nis-2.27.so
7f9329a41000-7f9329a42000 r--p 0000a000 08:02 3932885                    /lib/x86_64-linux-gnu/libnss_nis-2.27.so
7f9329a42000-7f9329a43000 rw-p 0000b000 08:02 3932885                    /lib/x86_64-linux-gnu/libnss_nis-2.27.so
7f9329a43000-7f9329a4b000 r-xp 00000000 08:02 3932675                    /lib/x86_64-linux-gnu/libnss_compat-2.27.so
7f9329a4b000-7f9329c4b000 ---p 00008000 08:02 3932675                    /lib/x86_64-linux-gnu/libnss_compat-2.27.so
7f9329c4b000-7f9329c4c000 r--p 00008000 08:02 3932675                    /lib/x86_64-linux-gnu/libnss_compat-2.27.so
7f9329c4c000-7f9329c4d000 rw-p 00009000 08:02 3932675                    /lib/x86_64-linux-gnu/libnss_compat-2.27.so
7f9329c4d000-7f9329dea000 r-xp 00000000 08:02 3932534                    /lib/x86_64-linux-gnu/libm-2.27.so
7f9329dea000-7f9329fe9000 ---p 0019d000 08:02 3932534                    /lib/x86_64-linux-gnu/libm-2.27.so
7f9329fe9000-7f9329fea000 r--p 0019c000 08:02 3932534                    /lib/x86_64-linux-gnu/libm-2.27.so
7f9329fea000-7f9329feb000 rw-p 0019d000 08:02 3932534                    /lib/x86_64-linux-gnu/libm-2.27.so
7f9329feb000-7f9329ff2000 r-xp 00000000 08:02 3935495                    /lib/x86_64-linux-gnu/librt-2.27.so
7f9329ff2000-7f932a1f1000 ---p 00007000 08:02 3935495                    /lib/x86_64-linux-gnu/librt-2.27.so
7f932a1f1000-7f932a1f2000 r--p 00006000 08:02 3935495                    /lib/x86_64-linux-gnu/librt-2.27.so
7f932a1f2000-7f932a1f3000 rw-p 00007000 08:02 3935495                    /lib/x86_64-linux-gnu/librt-2.27.so
7f932a1f3000-7f932b50e000 r-xp 00000000 08:02 12463987                   /usr/lib/jvm/jdk-21.0.7-oracle-x64/lib/server/libjvm.so
7f932b50e000-7f932b5df000 r--p 0131a000 08:02 12463987                   /usr/lib/jvm/jdk-21.0.7-oracle-x64/lib/server/libjvm.so
7f932b5df000-7f932b60d000 rw-p 013eb000 08:02 12463987                   /usr/lib/jvm/jdk-21.0.7-oracle-x64/lib/server/libjvm.so
7f932b60d000-7f932b673000 rw-p 00000000 00:00 0 
7f932b673000-7f932b85a000 r-xp 00000000 08:02 3932530                    /lib/x86_64-linux-gnu/libc-2.27.so
7f932b85a000-7f932ba5a000 ---p 001e7000 08:02 3932530                    /lib/x86_64-linux-gnu/libc-2.27.so
7f932ba5a000-7f932ba5e000 r--p 001e7000 08:02 3932530                    /lib/x86_64-linux-gnu/libc-2.27.so
7f932ba5e000-7f932ba60000 rw-p 001eb000 08:02 3932530                    /lib/x86_64-linux-gnu/libc-2.27.so
7f932ba60000-7f932ba64000 rw-p 00000000 00:00 0 
7f932ba64000-7f932ba67000 r-xp 00000000 08:02 3932533                    /lib/x86_64-linux-gnu/libdl-2.27.so
7f932ba67000-7f932bc66000 ---p 00003000 08:02 3932533                    /lib/x86_64-linux-gnu/libdl-2.27.so
7f932bc66000-7f932bc67000 r--p 00002000 08:02 3932533                    /lib/x86_64-linux-gnu/libdl-2.27.so
7f932bc67000-7f932bc68000 rw-p 00003000 08:02 3932533                    /lib/x86_64-linux-gnu/libdl-2.27.so
7f932bc68000-7f932bc82000 r-xp 00000000 08:02 3935491                    /lib/x86_64-linux-gnu/libpthread-2.27.so
7f932bc82000-7f932be81000 ---p 0001a000 08:02 3935491                    /lib/x86_64-linux-gnu/libpthread-2.27.so
7f932be81000-7f932be82000 r--p 00019000 08:02 3935491                    /lib/x86_64-linux-gnu/libpthread-2.27.so
7f932be82000-7f932be83000 rw-p 0001a000 08:02 3935491                    /lib/x86_64-linux-gnu/libpthread-2.27.so
7f932be83000-7f932be87000 rw-p 00000000 00:00 0 
7f932be87000-7f932bea3000 r-xp 00000000 08:02 3932226                    /lib/x86_64-linux-gnu/libz.so.1.2.11
7f932bea3000-7f932c0a2000 ---p 0001c000 08:02 3932226                    /lib/x86_64-linux-gnu/libz.so.1.2.11
7f932c0a2000-7f932c0a3000 r--p 0001b000 08:02 3932226                    /lib/x86_64-linux-gnu/libz.so.1.2.11
7f932c0a3000-7f932c0a4000 rw-p 0001c000 08:02 3932226                    /lib/x86_64-linux-gnu/libz.so.1.2.11
7f932c0a4000-7f932c0cd000 r-xp 00000000 08:02 3932311                    /lib/x86_64-linux-gnu/ld-2.27.so
7f932c0d6000-7f932c0dd000 r--s 00000000 08:02 10408046                   /usr/lib/x86_64-linux-gnu/gconv/gconv-modules.cache
7f932c0dd000-7f932c159000 rw-p 00000000 00:00 0 
7f932c159000-7f932c165000 ---p 00000000 00:00 0 
7f932c165000-7f932c185000 r-xp 00000000 08:02 12463952                   /usr/lib/jvm/jdk-21.0.7-oracle-x64/lib/libjava.so
7f932c185000-7f932c186000 ---p 00020000 08:02 12463952                   /usr/lib/jvm/jdk-21.0.7-oracle-x64/lib/libjava.so
7f932c186000-7f932c187000 r--p 00020000 08:02 12463952                   /usr/lib/jvm/jdk-21.0.7-oracle-x64/lib/libjava.so
7f932c187000-7f932c188000 rw-p 00021000 08:02 12463952                   /usr/lib/jvm/jdk-21.0.7-oracle-x64/lib/libjava.so
7f932c188000-7f932c189000 rw-p 00000000 00:00 0 
7f932c189000-7f932c18d000 ---p 00000000 00:00 0 
7f932c18d000-7f932c28c000 rw-p 00000000 00:00 0 
7f932c28c000-7f932c29a000 r-xp 00000000 08:02 12463957                   /usr/lib/jvm/jdk-21.0.7-oracle-x64/lib/libjli.so
7f932c29a000-7f932c29b000 ---p 0000e000 08:02 12463957                   /usr/lib/jvm/jdk-21.0.7-oracle-x64/lib/libjli.so
7f932c29b000-7f932c29c000 r--p 0000e000 08:02 12463957                   /usr/lib/jvm/jdk-21.0.7-oracle-x64/lib/libjli.so
7f932c29c000-7f932c29d000 rw-p 0000f000 08:02 12463957                   /usr/lib/jvm/jdk-21.0.7-oracle-x64/lib/libjli.so
7f932c29f000-7f932c2a7000 rw-s 00000000 08:02 10092580                   /tmp/hsperfdata_jingyuan/40877
7f932c2a7000-7f932c2a8000 ---p 00000000 00:00 0 
7f932c2a8000-7f932c2a9000 r--p 00000000 00:00 0 
7f932c2a9000-7f932c2aa000 ---p 00000000 00:00 0 
7f932c2aa000-7f932c2c8000 r-xp 00000000 08:02 12463956                   /usr/lib/jvm/jdk-21.0.7-oracle-x64/lib/libjimage.so
7f932c2c8000-7f932c2ca000 r--p 0001d000 08:02 12463956                   /usr/lib/jvm/jdk-21.0.7-oracle-x64/lib/libjimage.so
7f932c2ca000-7f932c2cb000 rw-p 0001f000 08:02 12463956                   /usr/lib/jvm/jdk-21.0.7-oracle-x64/lib/libjimage.so
7f932c2cb000-7f932c2cd000 rw-p 00000000 00:00 0 
7f932c2cd000-7f932c2ce000 r--p 00029000 08:02 3932311                    /lib/x86_64-linux-gnu/ld-2.27.so
7f932c2ce000-7f932c2cf000 rw-p 0002a000 08:02 3932311                    /lib/x86_64-linux-gnu/ld-2.27.so
7f932c2cf000-7f932c2d0000 rw-p 00000000 00:00 0 
7ffef28b2000-7ffef28d3000 rw-p 00000000 00:00 0                          [stack]
7ffef29bf000-7ffef29c2000 r--p 00000000 00:00 0                          [vvar]
7ffef29c2000-7ffef29c4000 r-xp 00000000 00:00 0                          [vdso]
ffffffffff600000-ffffffffff601000 r-xp 00000000 00:00 0                  [vsyscall]
Total number of mappings: 191


VM Arguments:
java_command: A
java_class_path (initial): .
Launcher Type: SUN_STANDARD

[Global flags]
     intx CICompilerCount                          = 18                                        {product} {ergonomic}
     uint ConcGCThreads                            = 12                                        {product} {ergonomic}
     uint G1ConcRefinementThreads                  = 48                                        {product} {ergonomic}
   size_t G1HeapRegionSize                         = 16777216                                  {product} {ergonomic}
    uintx GCDrainStackTargetSize                   = 64                                        {product} {ergonomic}
   size_t InitialHeapSize                          = 2113929216                                {product} {ergonomic}
   size_t MarkStackSize                            = 4194304                                   {product} {ergonomic}
   size_t MaxHeapSize                              = 31675383808                               {product} {ergonomic}
   size_t MaxNewSize                               = 18991808512                               {product} {ergonomic}
   size_t MinHeapDeltaBytes                        = 16777216                                  {product} {ergonomic}
   size_t MinHeapSize                              = 16777216                                  {product} {ergonomic}
    uintx NonNMethodCodeHeapSize                   = 8782280                                {pd product} {ergonomic}
    uintx NonProfiledCodeHeapSize                  = 121437980                              {pd product} {ergonomic}
    uintx ProfiledCodeHeapSize                     = 121437980                              {pd product} {ergonomic}
    uintx ReservedCodeCacheSize                    = 251658240                              {pd product} {ergonomic}
     bool SegmentedCodeCache                       = true                                      {product} {ergonomic}
   size_t SoftMaxHeapSize                          = 31675383808                            {manageable} {ergonomic}
     bool UseCompressedOops                        = true                           {product lp64_product} {ergonomic}
     bool UseG1GC                                  = true                                      {product} {ergonomic}

Logging:
Log output configuration:
 #0: stdout all=warning uptime,level,tags foldmultilines=false
 #1: stderr all=off uptime,level,tags foldmultilines=false

Environment Variables:
JAVA_HOME=/usr/lib/jvm/java-1.11.0-openjdk-amd64
PATH=/usr/local/lib/node/node-v16.20.2-linux-x64/bin:/home/jingyuan/.local/bin:/home/jingyuan/.nix-profile/bin:/nix/var/nix/profiles/default/bin:/usr/local/lib/node/node-v16.20.2-linux-x64/bin:/home/jingyuan/.local/bin:/usr/local/sbin:/usr/local/bin:/usr/sbin:/usr/bin:/sbin:/bin:/usr/games:/usr/local/games:/snap/bin:/opt/nvim-linux64/bin:/opt/apache-maven-3.9.4/bin:~/aspectj/bin:/home/jingyuan/.fzf/bin:/opt/nvim-linux64/bin:/opt/apache-maven-3.9.4/bin:~/aspectj/bin:/home/jingyuan/mysouffle/bin:/nix/var/nix/profiles/default/bin:/opt/neo4j/bin:/usr/local/go/bin
SHELL=/bin/bash
LANG=en_US.UTF-8
TERM=screen

Active Locale:
LC_ALL=en_US.UTF-8
LC_COLLATE=en_US.UTF-8
LC_CTYPE=en_US.UTF-8
LC_MESSAGES=en_US.UTF-8
LC_MONETARY=en_US.UTF-8
LC_NUMERIC=en_US.UTF-8
LC_TIME=en_US.UTF-8

Signal Handlers:
   SIGSEGV: crash_handler in libjvm.so, mask=11100100010111111101111111111110, flags=SA_RESTART|SA_SIGINFO, unblocked
    SIGBUS: crash_handler in libjvm.so, mask=11100100010111111101111111111110, flags=SA_RESTART|SA_SIGINFO, unblocked
    SIGFPE: crash_handler in libjvm.so, mask=11100100010111111101111111111110, flags=SA_RESTART|SA_SIGINFO, unblocked
   SIGPIPE: javaSignalHandler in libjvm.so, mask=11100100010111111101111111111110, flags=SA_RESTART|SA_SIGINFO, blocked
   SIGXFSZ: javaSignalHandler in libjvm.so, mask=11100100010111111101111111111110, flags=SA_RESTART|SA_SIGINFO, blocked
    SIGILL: crash_handler in libjvm.so, mask=11100100010111111101111111111110, flags=SA_RESTART|SA_SIGINFO, unblocked
   SIGUSR2: SR_handler in libjvm.so, mask=00000000000000000000000000000000, flags=SA_RESTART|SA_SIGINFO, blocked
    SIGHUP: UserHandler in libjvm.so, mask=11100100010111111101111111111110, flags=SA_RESTART|SA_SIGINFO, blocked
    SIGINT: UserHandler in libjvm.so, mask=11100100010111111101111111111110, flags=SA_RESTART|SA_SIGINFO, blocked
   SIGTERM: UserHandler in libjvm.so, mask=11100100010111111101111111111110, flags=SA_RESTART|SA_SIGINFO, blocked
   SIGQUIT: UserHandler in libjvm.so, mask=11100100010111111101111111111110, flags=SA_RESTART|SA_SIGINFO, blocked
   SIGTRAP: crash_handler in libjvm.so, mask=11100100010111111101111111111110, flags=SA_RESTART|SA_SIGINFO, unblocked


Periodic native trim disabled

---------------  S Y S T E M  ---------------

OS:
DISTRIB_ID=Ubuntu
DISTRIB_RELEASE=18.04
DISTRIB_CODENAME=bionic
DISTRIB_DESCRIPTION="Ubuntu 18.04.6 LTS"
uname: Linux 4.15.0-213-generic #224-Ubuntu SMP Mon Jun 19 13:30:12 UTC 2023 x86_64
OS uptime: 215 days 2:45 hours
libc: glibc 2.27 NPTL 2.27 
rlimit (soft/hard): STACK 8192k/infinity , CORE 0k/infinity , NPROC 514015/514015 , NOFILE 1048576/1048576 , AS infinity/infinity , CPU infinity/infinity , DATA infinity/infinity , FSIZE infinity/infinity , MEMLOCK 65536k/65536k
load average: 0.13 0.12 0.09

/proc/meminfo:
MemTotal:       131655992 kB
MemFree:        32934108 kB
MemAvailable:   108835100 kB
Buffers:         4274028 kB
Cached:         68750132 kB
SwapCached:        33464 kB
Active:         56692024 kB
Inactive:       35486876 kB
Active(anon):   18674488 kB
Inactive(anon):   523724 kB
Active(file):   38017536 kB
Inactive(file): 34963152 kB
Unevictable:           0 kB
Mlocked:               0 kB
SwapTotal:       8388604 kB
SwapFree:        7951952 kB
Dirty:               224 kB
Writeback:             0 kB
AnonPages:      19144660 kB
Mapped:           308944 kB
Shmem:             42988 kB
Slab:            4931760 kB
SReclaimable:    3966360 kB
SUnreclaim:       965400 kB
KernelStack:       35920 kB
PageTables:        82176 kB
NFS_Unstable:          0 kB
Bounce:                0 kB
WritebackTmp:          0 kB
CommitLimit:    74216600 kB
Committed_AS:   19118164 kB
VmallocTotal:   34359738367 kB
VmallocUsed:           0 kB
VmallocChunk:          0 kB
HardwareCorrupted:     0 kB
AnonHugePages:         0 kB
ShmemHugePages:        0 kB
ShmemPmdMapped:        0 kB
CmaTotal:              0 kB
CmaFree:               0 kB
HugePages_Total:       0
HugePages_Free:        0
HugePages_Rsvd:        0
HugePages_Surp:        0
Hugepagesize:       2048 kB
DirectMap4k:    44890312 kB
DirectMap2M:    86865920 kB
DirectMap1G:     4194304 kB

/sys/kernel/mm/transparent_hugepage/enabled: always [madvise] never
/sys/kernel/mm/transparent_hugepage/defrag (defrag/compaction efforts parameter): always defer defer+madvise [madvise] never

Process Memory:
Virtual Size: 34377384K (peak: 34434456K)
Resident Set Size: 46332K (peak: 46332K) (anon: 27476K, file: 18856K, shmem: 0K)
Swapped out: 0K
C-Heap outstanding allocations: 108409K, retained: 2002K (may have wrapped)
glibc malloc tunables: (default)

/proc/sys/kernel/threads-max (system-wide limit on the number of threads): 1028031
/proc/sys/vm/max_map_count (maximum number of memory map areas a process may have): 65530
/proc/sys/kernel/pid_max (system-wide limit on number of process identifiers): 73728

container (cgroup) information:
container_type: cgroupv1
cpu_cpuset_cpus: 0-71
cpu_memory_nodes: 0-1
active_processor_count: 72
cpu_quota: no quota
cpu_period: 100000
cpu_shares: no shares
memory_limit_in_bytes: unlimited
memory_and_swap_limit_in_bytes: unlimited
memory_soft_limit_in_bytes: unlimited
memory_usage_in_bytes: 64097892 k
memory_max_usage_in_bytes: 128492604 k
kernel_memory_usage_in_bytes: 585880 k
kernel_memory_max_usage_in_bytes: unlimited
kernel_memory_limit_in_bytes: 65669828 k
maximum number of tasks: unlimited
current number of tasks: 1026

Steal ticks since vm start: 0
Steal ticks percentage since vm start:  0.000

CPU: total 72 (initial active 72) (18 cores per cpu, 2 threads per core) family 6 model 85 stepping 7 microcode 0x5003303, cx8, cmov, fxsr, ht, mmx, 3dnowpref, sse, sse2, sse3, ssse3, sse4.1, sse4.2, popcnt, lzcnt, tsc, tscinvbit, avx, avx2, aes, erms, clmul, bmi1, bmi2, adx, avx512f, avx512dq, avx512cd, avx512bw, avx512vl, fma, vzeroupper, avx512_vnni, clflush, clflushopt, clwb, rdtscp, f16c, pku, ospke
CPU Model and flags from /proc/cpuinfo:
model name	: Intel(R) Xeon(R) Gold 5220 CPU @ 2.20GHz
flags		: fpu vme de pse tsc msr pae mce cx8 apic sep mtrr pge mca cmov pat pse36 clflush dts acpi mmx fxsr sse sse2 ss ht tm pbe syscall nx pdpe1gb rdtscp lm constant_tsc art arch_perfmon pebs bts rep_good nopl xtopology nonstop_tsc cpuid aperfmperf pni pclmulqdq dtes64 monitor ds_cpl vmx smx est tm2 ssse3 sdbg fma cx16 xtpr pdcm pcid dca sse4_1 sse4_2 x2apic movbe popcnt tsc_deadline_timer aes xsave avx f16c rdrand lahf_lm abm 3dnowprefetch cpuid_fault epb cat_l3 cdp_l3 invpcid_single intel_ppin ssbd mba ibrs ibpb stibp ibrs_enhanced tpr_shadow vnmi flexpriority ept vpid fsgsbase tsc_adjust bmi1 avx2 smep bmi2 erms invpcid cqm mpx rdt_a avx512f avx512dq rdseed adx smap clflushopt clwb intel_pt avx512cd avx512bw avx512vl xsaveopt xsavec xgetbv1 xsaves cqm_llc cqm_occup_llc cqm_mbm_total cqm_mbm_local dtherm ida arat pln pts pku ospke avx512_vnni md_clear flush_l1d arch_capabilities

Online cpus: 0-71
Offline cpus: 
BIOS frequency limitation: 2201000
Frequency switch latency (ns): 10000
Available cpu frequencies: 2201000 2200000 2100000 2000000 1900000 1800000 1700000 1600000 1500000 1400000 1300000 1200000 1100000 1000000 
Current governor: ondemand
Core performance/turbo boost: 1

Memory: 4k page, physical 131655992k(108835100k free), swap 8388604k(7951952k free)
Page Sizes: 4k

vm_info: Java HotSpot(TM) 64-Bit Server VM (21.0.7+8-LTS-245) for linux-amd64 JRE (21.0.7+8-LTS-245), built on 2025-02-21T05:11:27Z by "mach5one" with gcc 13.2.0

END.
